Archive member included to satisfy reference by file (symbol)

RTAOS.lib(ActivateTask.o)     Rte.o (Os_ActivateTask)
RTAOS.lib(DispatchTask.o)     RTAOS.lib(ActivateTask.o) (Os_Dispatch)
RTAOS.lib(GetISRID.o)         Os_ErrorHook.o (Os_GetISRID)
RTAOS.lib(GetResource.o)      Rte_Lib.o (Os_GetResource)
RTAOS.lib(GetTaskID.o)        Os_ErrorHook.o (Os_GetTaskID)
RTAOS.lib(Os_Cfg.o)           RTAOS.lib(DispatchTask.o) (Os_RunningTask)
RTAOS.lib(Os_Cfg_Counters.o)  VECU_SystemClock_ISR.o (Os_IncrementCounter_Rte_TickCounter)
RTAOS.lib(Os_fsb.o)           RTAOS.lib(DispatchTask.o) (@Os_fsb@4)
RTAOS.lib(Os_SetJmp.o)        RTAOS.lib(DispatchTask.o) (Os_SetJmp)
RTAOS.lib(Os_Stack.o)         RTAOS.lib(Os_Cfg.o) (Os_GetSP)
RTAOS.lib(ReleaseResource.o)  Rte_Lib.o (Os_ReleaseResource)
RTAOS.lib(ResumeOSInterrupts.o)
                              Rte_Lib.o (Os_ResumeOSInterrupts)
RTAOS.lib(StartOS.o)          main.o (Os_StartOS)
RTAOS.lib(StartScheduleTableRel.o)
                              Rte_Lib.o (Os_StartScheduleTableRel)
RTAOS.lib(StopScheduleTable.o)
                              Rte_Lib.o (Os_StopScheduleTable)
RTAOS.lib(SuspendOSInterrupts.o)
                              Rte_Lib.o (Os_SuspendOSInterrupts)
RTAOS.lib(TerminateTask.o)    OsTask_0.o (Os_TerminateTask)
RTAOS.lib(vrtaAppMain.o)      C:/Program Files/ETAS/ISOLAR-EVE3.0/plugins/com.etas.evetools.toolsfolder_1.4.5/Tools/MinGW/bin/../lib/gcc/i686-w64-mingw32/4.9.2/../../../../i686-w64-mingw32/lib/../lib/crt2.o (main)
RTAOS.lib(vrtaCore.o)         RTAOS.lib(vrtaAppMain.o) (vrtaLoadVM)
RTAOS.lib(vrtaIdleHandling.o)
                              RTAOS.lib(vrtaCore.o) (vrtaRunIdleHandlers)
RTAOS.lib(vrtaLoggerDevice.o)
                              VirtualDevices.o (Logger::Logger(char*))
RTAOS.lib(vrtaOSMonitorDevice.o)
                              RTAOS.lib(vrtaAppMain.o) (EnableOsMonitor)
RTAOS.lib(vrtaSampleDevices.o)
                              EVE_SystemClock.o (vrtaBaseClock::Start())
RTAOS.lib(vrtaSystemClock.o)  RTAOS.lib(vrtaSampleDevices.o) (vrtaSystemClockSubscriber::vrtaSystemClockSubscriber())
RTAOS.lib(vrtaSystemClockDevice.o)
                              RTAOS.lib(vrtaSystemClock.o) (SystemClockTickUpdateNotification(unsigned int))
RTAOS.lib(GetStackValue.o)    RTAOS.lib(Os_Cfg.o) (Os_GetStackValue)
RTAOS.lib(Os_vectors.o)       RTAOS.lib(vrtaAppMain.o) (Os_InterruptVectorTable)
RTAOS.lib(Os_wrapper.o)       RTAOS.lib(Os_vectors.o) (Os_ISRWrapper)
RTAOS.lib(virtualDevice.o)    RTAOS.lib(vrtaOSMonitorDevice.o) (VirtualDevice::EventHandler(vrtaEvent&))
C:/Program Files/ETAS/ISOLAR-EVE3.0/plugins/com.etas.evetools.toolsfolder_1.4.5/Tools/MinGW/bin/../lib/gcc/i686-w64-mingw32/4.9.2/../../../../i686-w64-mingw32/lib/../lib/libwinmm.a(dasfs00150.o)
                              RTAOS.lib(vrtaSystemClock.o) (_imp__timeSetEvent@20)
C:/Program Files/ETAS/ISOLAR-EVE3.0/plugins/com.etas.evetools.toolsfolder_1.4.5/Tools/MinGW/bin/../lib/gcc/i686-w64-mingw32/4.9.2/../../../../i686-w64-mingw32/lib/../lib/libwinmm.a(dasfs00149.o)
                              RTAOS.lib(vrtaSystemClock.o) (_imp__timeKillEvent@4)
C:/Program Files/ETAS/ISOLAR-EVE3.0/plugins/com.etas.evetools.toolsfolder_1.4.5/Tools/MinGW/bin/../lib/gcc/i686-w64-mingw32/4.9.2/../../../../i686-w64-mingw32/lib/../lib/libwinmm.a(dasfs00144.o)
                              RTAOS.lib(vrtaSystemClock.o) (_imp__timeBeginPeriod@4)
C:/Program Files/ETAS/ISOLAR-EVE3.0/plugins/com.etas.evetools.toolsfolder_1.4.5/Tools/MinGW/bin/../lib/gcc/i686-w64-mingw32/4.9.2/../../../../i686-w64-mingw32/lib/../lib/libwinmm.a(dasfh.o)
                              C:/Program Files/ETAS/ISOLAR-EVE3.0/plugins/com.etas.evetools.toolsfolder_1.4.5/Tools/MinGW/bin/../lib/gcc/i686-w64-mingw32/4.9.2/../../../../i686-w64-mingw32/lib/../lib/libwinmm.a(dasfs00150.o) (_head_lib32_libwinmm_a)
C:/Program Files/ETAS/ISOLAR-EVE3.0/plugins/com.etas.evetools.toolsfolder_1.4.5/Tools/MinGW/bin/../lib/gcc/i686-w64-mingw32/4.9.2/../../../../i686-w64-mingw32/lib/../lib/libwinmm.a(dasft.o)
                              C:/Program Files/ETAS/ISOLAR-EVE3.0/plugins/com.etas.evetools.toolsfolder_1.4.5/Tools/MinGW/bin/../lib/gcc/i686-w64-mingw32/4.9.2/../../../../i686-w64-mingw32/lib/../lib/libwinmm.a(dasfh.o) (_lib32_libwinmm_a_iname)
C:/Program Files/ETAS/ISOLAR-EVE3.0/plugins/com.etas.evetools.toolsfolder_1.4.5/Tools/MinGW/bin/../lib/gcc/i686-w64-mingw32/4.9.2\libstdc++.a(class_type_info.o)
                              RTAOS.lib(vrtaCore.o) (vtable for __cxxabiv1::__class_type_info)
C:/Program Files/ETAS/ISOLAR-EVE3.0/plugins/com.etas.evetools.toolsfolder_1.4.5/Tools/MinGW/bin/../lib/gcc/i686-w64-mingw32/4.9.2\libstdc++.a(del_op.o)
                              EVE_SystemClock.o (operator delete(void*))
C:/Program Files/ETAS/ISOLAR-EVE3.0/plugins/com.etas.evetools.toolsfolder_1.4.5/Tools/MinGW/bin/../lib/gcc/i686-w64-mingw32/4.9.2\libstdc++.a(del_opv.o)
[...]
Memory Configuration

Name             Origin             Length             Attributes
*default*        0x00000000         0xffffffff

Linker script and memory map

                0x00400000                __image_base__ = 0x400000
                0x00000000                __dll__ = 0x0
                0x00400000                ___ImageBase = 0x400000
                0x00001000                __section_alignment__ = 0x1000
                0x00000200                __file_alignment__ = 0x200
                0x00000004                __major_os_version__ = 0x4
                0x00000000                __minor_os_version__ = 0x0
                0x00000001                __major_image_version__ = 0x1
                0x00000000                __minor_image_version__ = 0x0
                0x00000004                __major_subsystem_version__ = 0x4
                0x00000000                __minor_subsystem_version__ = 0x0
                0x00000003                __subsystem__ = 0x3
                0x00200000                __size_of_stack_reserve__ = 0x200000
                0x00001000                __size_of_stack_commit__ = 0x1000
                0x00100000                __size_of_heap_reserve__ = 0x100000
                0x00001000                __size_of_heap_commit__ = 0x1000
                0x00000000                __loader_flags__ = 0x0
                0x00000000                __dll_characteristics__ = 0x0
LOAD C:/Program Files/ETAS/ISOLAR-EVE3.0/plugins/com.etas.evetools.toolsfolder_1.4.5/Tools/MinGW/bin/../lib/gcc/i686-w64-mingw32/4.9.2/../../../../i686-w64-mingw32/lib/../lib/crt2.o
LOAD C:/Program Files/ETAS/ISOLAR-EVE3.0/plugins/com.etas.evetools.toolsfolder_1.4.5/Tools/MinGW/bin/../lib/gcc/i686-w64-mingw32/4.9.2/crtbegin.o
LOAD BswTasks.o
LOAD EVE_SystemClock.o
LOAD main.o
LOAD Os_ErrorHook.o
LOAD Os_Hooks.o
LOAD OsTask_0.o
LOAD OsTask_1.o
LOAD OsTask_2.o
LOAD OsTask_3.o
LOAD Rte.o
LOAD Rte_ECU_ABS.o
LOAD Rte_Lib.o
LOAD Rte_Rain_Sensor.o
LOAD Rte_Switch_Sensor.o
LOAD Rte_Wiper_Controller.o
LOAD Rte_Wiper_Motor.o
LOAD target.o
LOAD VECU_SystemClock_ISR.o
LOAD VirtualDevices.o
LOAD Vrta_Cfg.o
LOAD RTAOS.lib
LOAD C:/Program Files/ETAS/ISOLAR-EVE3.0/plugins/com.etas.evetools.toolsfolder_1.4.5/Tools/MinGW/bin/../lib/gcc/i686-w64-mingw32/4.9.2/../../../../i686-w64-mingw32/lib/../lib/libwinmm.a
LOAD C:/Program Files/ETAS/ISOLAR-EVE3.0/plugins/com.etas.evetools.toolsfolder_1.4.5/Tools/MinGW/bin/../lib/gcc/i686-w64-mingw32/4.9.2/../../../../i686-w64-mingw32/lib/../lib/libws2_32.a
LOAD C:/Program Files/ETAS/ISOLAR-EVE3.0/plugins/com.etas.evetools.toolsfolder_1.4.5/Tools/MinGW/bin/../lib/gcc/i686-w64-mingw32/4.9.2\libstdc++.a
LOAD C:/Program Files/ETAS/ISOLAR-EVE3.0/plugins/com.etas.evetools.toolsfolder_1.4.5/Tools/MinGW/bin/../lib/gcc/i686-w64-mingw32/4.9.2/../../../../i686-w64-mingw32/lib/../lib/libmingw32.a
LOAD C:/Program Files/ETAS/ISOLAR-EVE3.0/plugins/com.etas.evetools.toolsfolder_1.4.5/Tools/MinGW/bin/../lib/gcc/i686-w64-mingw32/4.9.2/libgcc.a
LOAD C:/Program Files/ETAS/ISOLAR-EVE3.0/plugins/com.etas.evetools.toolsfolder_1.4.5/Tools/MinGW/bin/../lib/gcc/i686-w64-mingw32/4.9.2/libgcc_eh.a
LOAD C:/Program Files/ETAS/ISOLAR-EVE3.0/plugins/com.etas.evetools.toolsfolder_1.4.5/Tools/MinGW/bin/../lib/gcc/i686-w64-mingw32/4.9.2/../../../../i686-w64-mingw32/lib/../lib/libmoldname.a
LOAD C:/Program Files/ETAS/ISOLAR-EVE3.0/plugins/com.etas.evetools.toolsfolder_1.4.5/Tools/MinGW/bin/../lib/gcc/i686-w64-mingw32/4.9.2/../../../../i686-w64-mingw32/lib/../lib/libmingwex.a
LOAD C:/Program Files/ETAS/ISOLAR-EVE3.0/plugins/com.etas.evetools.toolsfolder_1.4.5/Tools/MinGW/bin/../lib/gcc/i686-w64-mingw32/4.9.2/../../../../i686-w64-mingw32/lib/../lib/libmsvcrt.a
LOAD C:/Program Files/ETAS/ISOLAR-EVE3.0/plugins/com.etas.evetools.toolsfolder_1.4.5/Tools/MinGW/bin/../lib/gcc/i686-w64-mingw32/4.9.2/../../../../i686-w64-mingw32/lib/../lib/libadvapi32.a
LOAD C:/Program Files/ETAS/ISOLAR-EVE3.0/plugins/com.etas.evetools.toolsfolder_1.4.5/Tools/MinGW/bin/../lib/gcc/i686-w64-mingw32/4.9.2/../../../../i686-w64-mingw32/lib/../lib/libshell32.a
LOAD C:/Program Files/ETAS/ISOLAR-EVE3.0/plugins/com.etas.evetools.toolsfolder_1.4.5/Tools/MinGW/bin/../lib/gcc/i686-w64-mingw32/4.9.2/../../../../i686-w64-mingw32/lib/../lib/libuser32.a
LOAD C:/Program Files/ETAS/ISOLAR-EVE3.0/plugins/com.etas.evetools.toolsfolder_1.4.5/Tools/MinGW/bin/../lib/gcc/i686-w64-mingw32/4.9.2/../../../../i686-w64-mingw32/lib/../lib/libkernel32.a
LOAD C:/Program Files/ETAS/ISOLAR-EVE3.0/plugins/com.etas.evetools.toolsfolder_1.4.5/Tools/MinGW/bin/../lib/gcc/i686-w64-mingw32/4.9.2/../../../../i686-w64-mingw32/lib/../lib/libiconv.a
LOAD C:/Program Files/ETAS/ISOLAR-EVE3.0/plugins/com.etas.evetools.toolsfolder_1.4.5/Tools/MinGW/bin/../lib/gcc/i686-w64-mingw32/4.9.2/../../../../i686-w64-mingw32/lib/../lib/libmingw32.a
LOAD C:/Program Files/ETAS/ISOLAR-EVE3.0/plugins/com.etas.evetools.toolsfolder_1.4.5/Tools/MinGW/bin/../lib/gcc/i686-w64-mingw32/4.9.2/libgcc.a
LOAD C:/Program Files/ETAS/ISOLAR-EVE3.0/plugins/com.etas.evetools.toolsfolder_1.4.5/Tools/MinGW/bin/../lib/gcc/i686-w64-mingw32/4.9.2/libgcc_eh.a
LOAD C:/Program Files/ETAS/ISOLAR-EVE3.0/plugins/com.etas.evetools.toolsfolder_1.4.5/Tools/MinGW/bin/../lib/gcc/i686-w64-mingw32/4.9.2/../../../../i686-w64-mingw32/lib/../lib/libmoldname.a
LOAD C:/Program Files/ETAS/ISOLAR-EVE3.0/plugins/com.etas.evetools.toolsfolder_1.4.5/Tools/MinGW/bin/../lib/gcc/i686-w64-mingw32/4.9.2/../../../../i686-w64-mingw32/lib/../lib/libmingwex.a
LOAD C:/Program Files/ETAS/ISOLAR-EVE3.0/plugins/com.etas.evetools.toolsfolder_1.4.5/Tools/MinGW/bin/../lib/gcc/i686-w64-mingw32/4.9.2/../../../../i686-w64-mingw32/lib/../lib/libmsvcrt.a
LOAD C:/Program Files/ETAS/ISOLAR-EVE3.0/plugins/com.etas.evetools.toolsfolder_1.4.5/Tools/MinGW/bin/../lib/gcc/i686-w64-mingw32/4.9.2/crtend.o
                0x000003f8                . = SIZEOF_HEADERS
                0x00001000                . = ALIGN (__section_alignment__)

.text           0x00401000    0x1da00
 *(.init)
 *(.text)
 .text          0x00401000      0x500 C:/Program Files/ETAS/ISOLAR-EVE3.0/plugins/com.etas.evetools.toolsfolder_1.4.5/Tools/MinGW/bin/../lib/gcc/i686-w64-mingw32/4.9.2/../../../../i686-w64-mingw32/lib/../lib/crt2.o
                0x004014c0                WinMainCRTStartup
                0x004014e0                mainCRTStartup
 .text          0x00401500      0x110 C:/Program Files/ETAS/ISOLAR-EVE3.0/plugins/com.etas.evetools.toolsfolder_1.4.5/Tools/MinGW/bin/../lib/gcc/i686-w64-mingw32/4.9.2/crtbegin.o
                0x00401500                __gcc_register_frame
                0x004015b0                __gcc_deregister_frame
 .text          0x00401610        0x0 BswTasks.o
 .text          0x00401610      0x1a0 EVE_SystemClock.o
                0x00401610                VECU_SystemClock_Init
                0x0040167c                VECU_SystemClock_Start
                0x004016c0                VECU_SystemClock_GetValue
 .text          0x004017b0       0x44 main.o
                0x004017b0                StartAUTOSAR
                0x004017e0                vrta_app_main
 .text          0x004017f4       0x3c Os_ErrorHook.o
                0x004017f4                ErrorHook
 .text          0x00401830       0x7c Os_Hooks.o
                0x00401830                StartupHook
                0x0040183d                ShutdownHook
                0x0040184b                Os_Cbk_Idle
                0x00401884                Os_Cbk_GetStopwatch
                0x00401897                Os_Cbk_CheckMemoryAccess
 .text          0x004018ac       0x14 OsTask_0.o
                0x004018ac                Os_Entry_OsTask_0
 .text          0x004018c0       0x14 OsTask_1.o
                0x004018c0                Os_Entry_OsTask_1
 .text          0x004018d4       0x2c OsTask_2.o
                0x004018d4                Os_Entry_OsTask_2
 .text          0x00401900       0x2c OsTask_3.o
                0x00401900                Os_Entry_OsTask_3
 .text          0x0040192c      0x180 Rte.o
                0x0040192c                Rte_Call_Rain_Sensor_Rport_ECU_to_RainSensor_CS_Oper_ECU_to_RainSensor
                0x00401947                Rte_Call_Switch_Sensor_Rport_ECU_to_SwitchSensor_CS_Oper_ECU_to_SwitchSensor
                0x00401962                Rte_Write_Switch_Sensor_Pport_SwitchSensor_to_WiperMode_switch_sensor_value
                0x00401981                Rte_Call_Wiper_Controller_Rport_RainSensor_to_WiperController_CS_Oper_RainSensor_to_WiperController
                0x0040199c                Rte_Read_Wiper_Controller_Rport_SitchSensor_to_WiperController_switch_sensor_value
                0x004019b8                Rte_Write_Wiper_Controller_Pport_WiperController_to_WiperMotor_wipermotor_Speed_Value
                0x00401a30                Rte_Call_CPT_Wiper_Motor_Rport_ECU_to_WiperMotor_CS_Oper_ECU_to_WiperMotor
                0x00401a52                Rte_Read_CPT_Wiper_Motor_Rport_WiperController_to_WiperMotor_wipermotor_Speed_Value
                0x00401a6e                Rte_Call_CPT_Wiper_Motor_0_Rport_ECU_to_WiperMotor_CS_Oper_ECU_to_WiperMotor
                0x00401a90                Rte_Read_CPT_Wiper_Motor_0_Rport_WiperController_to_WiperMotor_wipermotor_Speed_Value
 .text          0x00401aac       0x18 Rte_ECU_ABS.o
                0x00401aac                RE_ECU_to_SwitchSensor
                0x00401ab1                RE_ECU_to_RainSensor
                0x00401ab6                RE_ECU_to_WiperMotor
 .text          0x00401ac4      0x360 Rte_Lib.o
                0x00401ac4                Rte_ActivateRE
                0x00401b10                Rte_DecrementWaitingCount
                0x00401b1e                Rte_GetCurrentTaskIndex
                0x00401b28                Rte_MainFunction
                0x00401b2d                Rte_ReadQueue
                0x00401be5                Rte_SetEvent
                0x00401bf5                Rte_Start
                0x00401c28                Rte_Stop
                0x00401c53                SchM_Init
                0x00401c6a                SchM_Deinit
                0x00401c81                Rte_WaitWithTimeout
                0x00401c8b                Rte_WriteQueue
 .text          0x00401e24        0x8 Rte_Rain_Sensor.o
                0x00401e24                RE_RainSensor
 .text          0x00401e2c       0x14 Rte_Switch_Sensor.o
                0x00401e2c                RE_SwitchSensor
 .text          0x00401e40       0x14 Rte_Wiper_Controller.o
                0x00401e40                RE_WiperController
 .text          0x00401e54        0x8 Rte_Wiper_Motor.o
                0x00401e54                RE_WiperMotor
 .text          0x00401e5c       0x78 target.o
                0x00401e5c                InitializeDevices()
                0x00401e69                TargetInit
                0x00401e76                TargetEnableInterrupts
                0x00401ec6                TargetReadClock
 .text          0x00401ed4       0x54 VECU_SystemClock_ISR.o
                0x00401ed4                Os_Entry_VECU_SystemClock_ISR
 .text          0x00401f28       0xcc VirtualDevices.o
                0x00401f28                AccelSensorValue
                0x00401f37                setActuatorLevel
                0x00401f52                status_printf
 .text          0x00401ff4       0xd4 Vrta_Cfg.o
                0x00401ff4                vrtaActionHandler
                0x0040206c                EnableVrtaFlash
                0x00402079                EnableVrtaPort
                0x00402086                EnableVrtaAdc
                0x00402093                EnableVrtaPwm
                0x004020a0                EnableVrtaIcu
                0x004020ad                EnableVrtaCan
                0x004020ba                EnableVrtaCanTrcv
 *fill*         0x004020c8        0x8 
 .text          0x004020d0       0x80 RTAOS.lib(ActivateTask.o)
                0x004020d0                Os_ActivateTask
 .text          0x00402150      0x110 RTAOS.lib(DispatchTask.o)
                0x00402150                Os_Dispatch
 .text          0x00402260       0x20 RTAOS.lib(GetISRID.o)
                0x00402260                Os_GetISRID
 .text          0x00402280       0x80 RTAOS.lib(GetResource.o)
                0x00402280                Os_GetResource
 .text          0x00402300       0x20 RTAOS.lib(GetTaskID.o)
                0x00402300                Os_GetTaskID
 .text          0x00402320       0xf0 RTAOS.lib(Os_Cfg.o)
                0x00402320                Os_StartOS_DataInit
                0x00402400                Os_StartOS_StartAuto
 .text          0x00402410      0x260 RTAOS.lib(Os_Cfg_Counters.o)
                0x00402560                Os_IncrementCounter_Rte_TickCounter
                0x00402600                Os_CounterRelativeStart
                0x00402630                Os_ActivateTaskKL
 .text          0x00402670       0x10 RTAOS.lib(Os_fsb.o)
                0x00402670                @Os_fsb@4
 .text          0x00402680       0x40 RTAOS.lib(Os_SetJmp.o)
                0x00402680                Os_SetJmp
                0x004026a0                Os_LongJmp
 .text          0x004026c0       0x40 RTAOS.lib(Os_Stack.o)
                0x004026c0                Os_GetSP
                0x004026d0                Os_ExtendStack
 .text          0x00402700       0x70 RTAOS.lib(ReleaseResource.o)
                0x00402700                Os_ReleaseResource
 .text          0x00402770       0x50 RTAOS.lib(ResumeOSInterrupts.o)
                0x00402770                Os_ResumeOSInterrupts
 .text          0x004027c0       0x90 RTAOS.lib(StartOS.o)
                0x004027c0                Os_StartOS
 .text          0x00402850       0x90 RTAOS.lib(StartScheduleTableRel.o)
                0x00402850                Os_StartScheduleTableRel
 .text          0x004028e0       0x50 RTAOS.lib(StopScheduleTable.o)
                0x004028e0                Os_StopScheduleTable
 .text          0x00402930       0x70 RTAOS.lib(SuspendOSInterrupts.o)
                0x00402930                Os_SuspendOSInterrupts
 .text          0x004029a0       0x60 RTAOS.lib(TerminateTask.o)
                0x004029a0                Os_TerminateTask
 .text          0x00402a00       0x70 RTAOS.lib(vrtaAppMain.o)
                0x00402a00                vrtaFireISR
 .text          0x00402a70     0x1070 RTAOS.lib(vrtaCore.o)
                0x00403320                vrtaDevice::WriteToPersistentStorage(unsigned short*, unsigned char**)
                0x00403370                vrtaDevice::ReadFromPersistentStorage(unsigned short*, unsigned char**)
                0x004033e0                vrtaReadHPTime
                0x00403450                vrtaReadHPCycles
                0x00403480                vrtaLoadVM
                0x004034a0                vrtaUnloadVM()
                0x004034b0                vrtaSendAction
                0x004034c0                vrtaRaiseEvent
                0x004034d0                vrtaGetState
                0x004034e0                vrtaEventRegister
                0x004034f0                vrtaEventUnregister
                0x00403500                vrtaHookEvent
                0x00403520                vrtaHookEventNotifications
                0x00403530                vrtaStart
                0x00403540                vrtaStartCore
                0x00403580                vrtaGetCoreICUID
                0x004035b0                vrtaTerminate
                0x00403620                vrtaReset
                0x00403630                vrtaEnterUninterruptibleSection
                0x00403640                vrtaLeaveUninterruptibleSection
                0x00403650                vrtaEnterGlobalUninterruptibleSection
                0x00403670                vrtaLeaveGlobalUninterruptibleSection
                0x00403690                vrtaIsIdle
                0x00403700                vrtaLowPowerIdleEnable
                0x00403710                vrtaLowPowerIdleEnabled
                0x00403720                vrtaLowPowerIdle
                0x00403750                vrtaYield
                0x00403780                vrtaSpawnThread
                0x00403790                vrtaInitialize
                0x004037c0                vrtaAddCore
                0x004037f0                vrtaGetCoreID
                0x00403810                vrtaRegisterVirtualDevice
                0x00403820                vrtaIsAppThread
                0x00403830                vrtaIsAppFinished
                0x00403840                vrtaIsAppRunning
                0x00403850                vrtaNoneUserThread
                0x00403860                vrtaCoreCount
                0x00403880                vrtaOSGetUserStackBase
                0x00403890                vrtaOSSetInterruptDeferVar
                0x004038a0                vrtaOSSetIPL
                0x004038b0                vrtaOSGetIPL
                0x004038c0                vrtaOSSetIrqMask
                0x004038d0                vrtaOSClearIrqMask
                0x004038e0                vrtaOSSetIrqPending
                0x004038f0                vrtaOSClearIrqPending
                0x00403900                vrtaOSIsIrqPending
                0x00403910                vrtaDevice::vrtaDevice(char*, char*, char*, char*)
                0x00403910                vrtaDevice::vrtaDevice(char*, char*, char*, char*)
                0x004039b0                vrtaDevice::AssignCore(unsigned short)
                0x004039d0                vrtaDevice::RaiseEvent(vrtaEvent&)
                0x004039f0                vrtaDevice::GetState(unsigned short, vrtaEvent&)
                0x00403a10                vrtaDevice::SendAction(unsigned short, vrtaAction&)
                0x00403a30                vrtaDevice::RaiseInterrupt(unsigned int)
                0x00403ab0                vrtaDevice::SpawnThread(void (*)())
                0x00403ad0                vrtaDevice::PersistThroughReset(int)
 .text          0x00403ae0       0xb0 RTAOS.lib(vrtaIdleHandling.o)
                0x00403ae0                vrtaIdleSubscriber::vrtaIdleSubscriber()
                0x00403ae0                vrtaIdleSubscriber::vrtaIdleSubscriber()
                0x00403af0                vrtaIdleSubscriber::Subscribe(vrtaIdleSubscriber*)
                0x00403b10                vrtaRunIdleHandlers
 .text          0x00403b90      0x980 RTAOS.lib(vrtaLoggerDevice.o)
                0x00403b90                Logger::GetPersistentDataSize()
                0x00403ba0                Logger::GetPersistentData()
                0x00403bb0                Logger::Starting()
                0x00403ce0                Logger::SetPersistentData(unsigned char*, unsigned short)
                0x00403d10                Logger::AsyncGetState(vrtaEvent*)
                0x00403de0                Logger::Logger(char*)
                0x00403de0                Logger::Logger(char*)
                0x00403e60                Logger::Logger(char*, Logger&)
                0x00403e60                Logger::Logger(char*, Logger&)
                0x00403ed0                Logger::setfile(char*)
                0x00403fe0                Logger::Logger(char*, char*)
                0x00403fe0                Logger::Logger(char*, char*)
                0x00404060                Logger::setduplicate(char*)
                0x00404170                Logger::Logger(char*, char*, char*)
                0x00404170                Logger::Logger(char*, char*, char*)
                0x00404200                Logger::Stopping()
                0x00404230                Logger::UpdateText()
                0x00404330                Logger::print(char*)
                0x004043a0                Logger::OnAction(vrtaAction const*)
                0x00404400                Logger::print(char*, unsigned int)
                0x00404480                Logger::printf(char*, char*)
                0x004044e0                Logger::printf(char*, ...)
 .text          0x00404510       0x50 RTAOS.lib(vrtaOSMonitorDevice.o)
                0x00404510                OSIdleHandler::Idle(unsigned int)
                0x00404550                EnableOsMonitor
 .text          0x00404560     0x1ba0 RTAOS.lib(vrtaSampleDevices.o)
                0x00404560                vrtaBaseClock::SetPersistentData(unsigned char*, unsigned short)
                0x00404580                vrtaBaseClock::Starting()
                0x00404590                vrtaClock::initialize_clock()
                0x004045b0                vrtaComparable::SetPersistentData(unsigned char*, unsigned short)
                0x004045c0                vrtaCounter::SetPersistentData(unsigned char*, unsigned short)
                0x004045f0                vrtaCounter::Starting()
                0x00404600                vrtaCounter::Stopping()
                0x00404610                vrtaCompare::SetPersistentData(unsigned char*, unsigned short)
                0x00404620                vrtaCompare::OnAction(vrtaAction const*)
                0x00404660                vrtaSensor::SetPersistentData(unsigned char*, unsigned short)
                0x00404680                vrtaSensor::AsyncGetState(vrtaEvent*)
                0x004046e0                vrtaActuator::SetPersistentData(unsigned char*, unsigned short)
                0x00404700                vrtaActuator::AsyncGetState(vrtaEvent*)
                0x00404760                vrtaIO::GetPersistentDataSize()
                0x00404770                vrtaIO::GetPersistentData()
                0x00404780                vrtaIO::OnAction(vrtaAction const*)
                0x004048a0                vrtaClock::ResetClock()
                0x00404910                vrtaIO::Stopping()
                0x00404940                vrtaIO::SetPersistentData(unsigned char*, unsigned short)
                0x00404980                vrtaIO::AsyncGetState(vrtaEvent*)
                0x00404a30                vrtaBaseClock::Tick()
                0x00404a50                non-virtual thunk to vrtaBaseClock::Tick()
                0x00404a60                vrtaAdaptiveClock::Tick()
                0x00404a90                non-virtual thunk to vrtaAdaptiveClock::Tick()
                0x00404aa0                vrtaClock::Stopping()
                0x00404ae0                vrtaIO::Starting()
                0x00404b40                vrtaCounter::AsyncGetState(vrtaEvent*)
                0x00404ba0                vrtaCompare::AsyncGetState(vrtaEvent*)
                0x00404c00                vrtaBaseClock::Start()
                0x00404ca0                vrtaClock::Stop()
                0x00404d50                vrtaBaseClock::AsyncGetState(vrtaEvent*)
                0x00404de0                vrtaBaseClock::vrtaBaseClock(char*, unsigned int, char*, char*, char*, bool)
                0x00404de0                vrtaBaseClock::vrtaBaseClock(char*, unsigned int, char*, char*, char*, bool)
                0x00404e50                vrtaBaseClock::vrtaBaseClock(char*, unsigned int, bool)
                0x00404e50                vrtaBaseClock::vrtaBaseClock(char*, unsigned int, bool)
                0x00404ec0                vrtaBaseClock::~vrtaBaseClock()
                0x00404ec0                vrtaBaseClock::~vrtaBaseClock()
                0x00404f10                non-virtual thunk to vrtaBaseClock::~vrtaBaseClock()
                0x00404f20                vrtaBaseClock::~vrtaBaseClock()
                0x00404f40                non-virtual thunk to vrtaBaseClock::~vrtaBaseClock()
                0x00404f50                vrtaBaseClock::SetInterval(unsigned int)
                0x00404ff0                vrtaBaseClock::SetScale(unsigned int, unsigned int)
                0x004050d0                vrtaBaseClock::OnAction(vrtaAction const*)
                0x00405160                vrtaAdaptiveClock::OnAction(vrtaAction const*)
                0x004051a0                vrtaClock::vrtaClock(char*, unsigned int, bool)
                0x004051a0                vrtaClock::vrtaClock(char*, unsigned int, bool)
                0x00405200                vrtaClock::vrtaClock(char*, unsigned int, char*, char*, char*, bool)
                0x00405200                vrtaClock::vrtaClock(char*, unsigned int, char*, char*, char*, bool)
                0x00405270                vrtaAdaptiveClock::vrtaAdaptiveClock(char*, unsigned int, bool)
                0x00405270                vrtaAdaptiveClock::vrtaAdaptiveClock(char*, unsigned int, bool)
                0x004052f0                vrtaAdaptiveClock::InjectTick()
                0x00405340                vrtaCounter::vrtaCounter(char*, char*, vrtaBaseClock&)
                0x00405340                vrtaCounter::vrtaCounter(char*, char*, vrtaBaseClock&)
                0x004053b0                vrtaCounter::Start()
                0x004053c0                vrtaCounter::Stop()
                0x004053d0                vrtaCompare::vrtaCompare(char*, vrtaComparable&, unsigned int, unsigned int)
                0x004053d0                vrtaCompare::vrtaCompare(char*, vrtaComparable&, unsigned int, unsigned int)
                0x00405430                vrtaCompare::SetMatch(unsigned int)
                0x00405440                vrtaCompare::SetVector(unsigned int)
                0x00405450                vrtaCompare::NewValue(unsigned int)
                0x00405530                vrtaComparable::CheckComparators()
                0x00405550                vrtaCounter::SetMin(unsigned int)
                0x004055b0                vrtaCounter::SetMax(unsigned int)
                0x00405610                vrtaCounter::OnAction(vrtaAction const*)
                0x00405720                vrtaCounter::SetVal(unsigned int)
                0x00405780                vrtaUpCounter::Tick()
                0x004057f0                vrtaDownCounter::Tick()
                0x00405860                vrtaSensor::SetVal(unsigned int)
                0x00405910                vrtaActuator::SetVal(unsigned int)
                0x004059c0                vrtaSensor::vrtaSensor(char*)
                0x004059c0                vrtaSensor::vrtaSensor(char*)
                0x00405a10                vrtaSensor::vrtaSensor(char*, char*, char*, char*)
                0x00405a10                vrtaSensor::vrtaSensor(char*, char*, char*, char*)
                0x00405a60                vrtaSensor::SetMax(unsigned int)
                0x00405b80                vrtaSensor::OnAction(vrtaAction const*)
                0x00405be0                vrtaSensorToggleSwitch::vrtaSensorToggleSwitch(char*)
                0x00405be0                vrtaSensorToggleSwitch::vrtaSensorToggleSwitch(char*)
                0x00405c30                vrtaSensorMultiwaySwitch::vrtaSensorMultiwaySwitch(char*, unsigned int)
                0x00405c30                vrtaSensorMultiwaySwitch::vrtaSensorMultiwaySwitch(char*, unsigned int)
                0x00405c80                vrtaActuator::vrtaActuator(char*)
                0x00405c80                vrtaActuator::vrtaActuator(char*)
                0x00405cd0                vrtaActuator::vrtaActuator(char*, char*)
                0x00405cd0                vrtaActuator::vrtaActuator(char*, char*)
                0x00405d20                vrtaActuator::SetMax(unsigned int)
                0x00405e40                vrtaActuator::OnAction(vrtaAction const*)
                0x00405ea0                vrtaActuatorLight::vrtaActuatorLight(char*)
                0x00405ea0                vrtaActuatorLight::vrtaActuatorLight(char*)
                0x00405ef0                vrtaActuatorDimmableLight::vrtaActuatorDimmableLight(char*, unsigned int)
                0x00405ef0                vrtaActuatorDimmableLight::vrtaActuatorDimmableLight(char*, unsigned int)
                0x00405f40                vrtaActuatorMultiColorLight::vrtaActuatorMultiColorLight(char*, unsigned int)
                0x00405f40                vrtaActuatorMultiColorLight::vrtaActuatorMultiColorLight(char*, unsigned int)
                0x00405f90                vrtaIO::vrtaIO(char*, unsigned int)
                0x00405f90                vrtaIO::vrtaIO(char*, unsigned int)
                0x00405fe0                vrtaIO::vrtaIO(char*, unsigned int, char*, char*, char*)
                0x00405fe0                vrtaIO::vrtaIO(char*, unsigned int, char*, char*, char*)
                0x00406030                vrtaIO::Init(unsigned int)
                0x00406050                vrtaIO::SetValue(unsigned int, unsigned int)
                0x00406070                vrtaIO::SetValues(unsigned int, unsigned int const*, unsigned int)
                0x004060c0                vrtaIO::GetValue(unsigned int) const
                0x004060f0                vrtaIO::GetValues() const
 .text          0x00406100      0xd40 RTAOS.lib(vrtaSystemClock.o)
                0x004062f0                vrtaSystemClockSubscriber::vrtaSystemClockSubscriber()
                0x004062f0                vrtaSystemClockSubscriber::vrtaSystemClockSubscriber()
                0x00406310                vrtaSystemClockType::vrtaSystemClockType()
                0x00406310                vrtaSystemClockType::vrtaSystemClockType()
                0x004063d0                vrtaSystemClockType::Scale()
                0x004063e0                vrtaSystemClockType::Scale(unsigned int)
                0x00406430                vrtaSystemClockType::Auto()
                0x00406490                vrtaSystemClockType::IsAuto()
                0x004064b0                vrtaSystemClockType::ManualCanDoLowPower(bool)
                0x004064d0                vrtaSystemClockType::ManualCanDoLowPower()
                0x004064f0                vrtaSystemClockType::ManualFreezesOS(bool)
                0x00406500                vrtaSystemClockType::Manual(unsigned int)
                0x00406540                vrtaSystemClockType::ManualTicksRemaining()
                0x00406550                vrtaSystemClockType::ManualTicksCompleted()
                0x004065c0                vrtaSystemClockType::IsManual()
                0x004065d0                vrtaSystemClockType::IdleTick()
                0x00406630                vrtaSystemClockType::IsIdleTicked()
                0x00406640                vrtaSystemClockType::Tick()
                0x00406660                vrtaSystemClockType::Pause()
                0x00406670                vrtaSystemClockType::IsPaused()
                0x00406680                vrtaSystemClockType::Resume()
                0x00406690                vrtaSystemClockType::MillisecondsCount()
                0x004066a0                vrtaSystemClockType::TickCount()
                0x004066b0                vrtaSystemClockType::Unsubscribe(vrtaSystemClockSubscriber*)
                0x00406740                vrtaSystemClockSubscriber::~vrtaSystemClockSubscriber()
                0x00406740                vrtaSystemClockSubscriber::~vrtaSystemClockSubscriber()
                0x00406770                vrtaSystemClockSubscriber::~vrtaSystemClockSubscriber()
                0x004067a0                vrtaSystemClockType::Subscribe(vrtaSystemClockSubscriber*)
                0x00406890                vrtaSystemClockType::FavourFixedInterval(int)
                0x004068f0                vrtaSystemClockType::IsFavourFixedInterval()
                0x00406900                vrtaCustomTickSource::vrtaCustomTickSource(unsigned int)
                0x00406900                vrtaCustomTickSource::vrtaCustomTickSource(unsigned int)
                0x004069b0                vrtaCustomTickSource::TickCount()
                0x00406a70                vrtaThreadWait::vrtaThreadWait(unsigned int)
                0x00406a70                vrtaThreadWait::vrtaThreadWait(unsigned int)
                0x00406b70                vrtaThreadWait::WaitForTicks(unsigned int)
                0x00406d40                vrtaSystemClock_Auto
                0x00406d50                vrtaSystemClock_Manual
                0x00406d90                vrtaSystemClock_Pause
                0x00406da0                vrtaSystemClock_Resume
                0x00406db0                vrtaSystemClock_Tick
                0x00406dd0                vrtaSystemClock_Scale
                0x00406df0                vrtaSystemClock_FavourFixedInterval
                0x00406e10                vrtaSystemClock_IsFavourFixedInterval
                0x00406e20                vrtaSystemClock_HasFrozenOS
                0x00406e30                vrtaSystemClock_IsIdleTicked
 .text          0x00406e40      0x2b0 RTAOS.lib(vrtaSystemClockDevice.o)
                0x00406e40                CSLThread
                0x00406f80                SystemClockIdleHandler::Idle(unsigned int)
                0x004070c0                SystemClockTickUpdateNotification(unsigned int)
 .text          0x004070f0       0x20 RTAOS.lib(GetStackValue.o)
                0x004070f0                Os_GetStackValue
 .text          0x00407110        0x0 RTAOS.lib(Os_vectors.o)
 .text          0x00407110       0x60 RTAOS.lib(Os_wrapper.o)
                0x00407110                Os_ISRWrapper
 .text          0x00407170     0x1900 RTAOS.lib(virtualDevice.o)
                0x00407170                VirtualDevice::StringBuilder::Content()
                0x004071a0                VirtualDevice::EventZero(vrtaEvent const&)
                0x004071b0                VirtualDevice::EventHandler(vrtaEvent&)
                0x00407200                VirtualDevice::GetPersistentDataSize()
                0x00407210                VirtualDevice::GetPersistentData()
                0x00407220                VirtualDevice::SetPersistentData(unsigned char*, unsigned short)
                0x00407230                VirtualDevice::StringBuilder::~StringBuilder()
                0x00407230                VirtualDevice::StringBuilder::~StringBuilder()
                0x00407250                VirtualDevice::StringBuilder::~StringBuilder()
                0x004072f0                VirtualDevice::SetValue(vrtaEvent&, void*, unsigned int)
                0x00407350                VECUAutoLock::VECUAutoLock()
                0x00407350                VECUAutoLock::VECUAutoLock()
                0x00407360                VECUAutoLock::~VECUAutoLock()
                0x00407360                VECUAutoLock::~VECUAutoLock()
                0x00407370                VirtualDevice::StringBuilder::StringBuilder(int)
                0x00407370                VirtualDevice::StringBuilder::StringBuilder(int)
                0x004073a0                VirtualDevice::StringBuilder::Append(char const*)
                0x00407420                VirtualDevice::StringBuilder::Length()
                0x00407430                VirtualDevice::OptList::OptList(int)
                0x00407430                VirtualDevice::OptList::OptList(int)
                0x00407470                VirtualDevice::OptList::Add(char const*, char const*)
                0x004074e0                VirtualDevice::OptList::Clear()
                0x00407500                VirtualDevice::OptList::Replace(int, char const*, char const*)
                0x00407630                VirtualDevice::Linkable::Linkable()
                0x00407630                VirtualDevice::Linkable::Linkable()
                0x00407640                VirtualDevice::ParameterInfo::ParameterInfo(char const*, char const*, char const*)
                0x00407640                VirtualDevice::ParameterInfo::ParameterInfo(char const*, char const*, char const*)
                0x00407660                VirtualDevice::List::List()
                0x00407660                VirtualDevice::List::List()
                0x00407670                VirtualDevice::List::First()
                0x00407680                VirtualDevice::List::Append(VirtualDevice::Linkable*)
                0x004076a0                VirtualDevice::List::Replace(int, VirtualDevice::Linkable*)
                0x00407710                VirtualDevice::ActionInfo::ActionInfo(char const*, char const*, char const*)
                0x00407710                VirtualDevice::ActionInfo::ActionInfo(char const*, char const*, char const*)
                0x00407740                VirtualDevice::ActionInfo::AddContent(VirtualDevice::OptList*)
                0x00407880                VirtualDevice::ActionList::Content()
                0x004078d0                VirtualDevice::ActionInfo::In(char const*, char const*, char const*)
                0x00407930                VirtualDevice::EventInfo::EventInfo(char const*, char const*, char const*)
                0x00407930                VirtualDevice::EventInfo::EventInfo(char const*, char const*, char const*)
                0x00407970                VirtualDevice::EventInfo::AddContent(VirtualDevice::OptList*)
                0x00407b70                VirtualDevice::EventList::Content()
                0x00407bc0                VirtualDevice::EventInfo::Out(char const*, char const*, char const*)
                0x00407c20                VirtualDevice::EventInfo::In(char const*, char const*, char const*)
                0x00407c80                VirtualDevice::EventList::EventList()
                0x00407c80                VirtualDevice::EventList::EventList()
                0x00407cd0                VirtualDevice::EventList::Add(char const*, char const*, char const*)
                0x00407d40                VirtualDevice::EventList::Replace(int, char const*, char const*, char const*)
                0x00407db0                VirtualDevice::EventList::UpdateInfo(VirtualDevice::OptList&)
                0x00407f30                VirtualDevice::ActionList::ActionList()
                0x00407f30                VirtualDevice::ActionList::ActionList()
                0x00407f80                VirtualDevice::ActionList::Add(char const*, char const*, char const*)
                0x00407fe0                VirtualDevice::ActionList::Replace(int, char const*, char const*, char const*)
                0x00408050                VirtualDevice::ActionList::UpdateInfo(VirtualDevice::OptList&)
                0x004081c0                VirtualDevice::VirtualDevice()
                0x004081c0                VirtualDevice::VirtualDevice()
                0x00408260                VirtualDevice::ActionHandler(vrtaAction const&)
                0x004082d0                VirtualDevice::AddActionHandler(unsigned short (VirtualDevice::*)(vrtaAction const&))
                0x00408360                VirtualDevice::AddEventHandler(unsigned short (VirtualDevice::*)(vrtaEvent const&))
                0x004083f0                VirtualDevice::NullAction(vrtaAction const&)
                0x00408400                VirtualDevice::NullEvent(vrtaEvent const&)
                0x00408410                VirtualDevice::RegisterAs(char const*)
                0x004085c0                VirtualDevice::~VirtualDevice()
                0x004085c0                VirtualDevice::~VirtualDevice()
                0x004085e0                VirtualDevice::~VirtualDevice()
                0x00408610                VirtualDevice::AssignCore(unsigned short)
                0x00408630                VirtualDevice::Raise(unsigned short (VirtualDevice::*)(vrtaEvent const&), vrtaEvent&)
                0x004086d0                VirtualDevice::Raise(unsigned short (VirtualDevice::*)(vrtaEvent const&))
                0x00408710                VirtualDevice::Raise(vrtaEvent&)
                0x00408740                VirtualDevice::SendAction(unsigned short, unsigned short, vrtaAction&)
                0x00408770                VirtualDevice::RaiseInterrupt(unsigned int)
                0x004087e0                VirtualDevice::SpawnThread(void (*)())
                0x00408800                VirtualDevice::PersistThroughReset(int)
                0x00408810                VirtualDevice::ReadFromPersistentStorage(unsigned short*, unsigned char**)
                0x00408830                VirtualDevice::WriteToPersistentStorage(unsigned short*, unsigned char**)
                0x00408880                VirtualDevice::LockDevice()
                0x00408890                VirtualDevice::ReleaseDevice()
                0x004088a0                VirtualDevice::DataHasPersisted()
                0x004088b0                VirtualDevice::DataHasPersisted(int)
                0x004088c0                VirtualDevice::SetID(unsigned short)
                0x004088d0                VirtualDevice::GetID()
                0x004088e0                VirtualDevice::UnpackData(vrtaAction const&, void*, unsigned int)
                0x00408920                VirtualDevice::ActionZero(vrtaAction const&)
                0x00408a30                VirtualDevice::UnpackData(vrtaEvent const&, void*, unsigned int)
 .text          0x00408a70        0x0 C:/Program Files/ETAS/ISOLAR-EVE3.0/plugins/com.etas.evetools.toolsfolder_1.4.5/Tools/MinGW/bin/../lib/gcc/i686-w64-mingw32/4.9.2/../../../../i686-w64-mingw32/lib/../lib/libwinmm.a(dasfh.o)
 .text          0x00408a70        0x0 C:/Program Files/ETAS/ISOLAR-EVE3.0/plugins/com.etas.evetools.toolsfolder_1.4.5/Tools/MinGW/bin/../lib/gcc/i686-w64-mingw32/4.9.2/../../../../i686-w64-mingw32/lib/../lib/libwinmm.a(dasft.o)
 .text          0x00408a70        0x0 C:/Program Files/ETAS/ISOLAR-EVE3.0/plugins/com.etas.evetools.toolsfolder_1.4.5/Tools/MinGW/bin/../lib/gcc/i686-w64-mingw32/4.9.2\libstdc++.a(class_type_info.o)
 .text          0x00408a70        0x0 C:/Program Files/ETAS/ISOLAR-EVE3.0/plugins/com.etas.evetools.toolsfolder_1.4.5/Tools/MinGW/bin/../lib/gcc/i686-w64-mingw32/4.9.2\libstdc++.a(del_op.o)
 .text          0x00408a70        0x0 C:/Program Files/ETAS/ISOLAR-EVE3.0/plugins/com.etas.evetools.toolsfolder_1.4.5/Tools/MinGW/bin/../lib/gcc/i686-w64-mingw32/4.9.2\libstdc++.a(del_opv.o)
 .text          0x00408a70        0x0 C:/Program Files/ETAS/ISOLAR-EVE3.0/plugins/com.etas.evetools.toolsfolder_1.4.5/Tools/MinGW/bin/../lib/gcc/i686-w64-mingw32/4.9.2\libstdc++.a(eh_catch.o)
 .text          0x00408a70        0x0 C:/Program Files/ETAS/ISOLAR-EVE3.0/plugins/com.etas.evetools.toolsfolder_1.4.5/Tools/MinGW/bin/../lib/gcc/i686-w64-mingw32/4.9.2\libstdc++.a(eh_globals.o)
 .text          0x00408a70        0x0 C:/Program Files/ETAS/ISOLAR-EVE3.0/plugins/com.etas.evetools.toolsfolder_1.4.5/Tools/MinGW/bin/../lib/gcc/i686-w64-mingw32/4.9.2\libstdc++.a(eh_personality.o)
 .text          0x00408a70        0x0 C:/Program Files/ETAS/ISOLAR-EVE3.0/plugins/com.etas.evetools.toolsfolder_1.4.5/Tools/MinGW/bin/../lib/gcc/i686-w64-mingw32/4.9.2\libstdc++.a(eh_terminate.o)
 .text          0x00408a70        0x0 C:/Program Files/ETAS/ISOLAR-EVE3.0/plugins/com.etas.evetools.toolsfolder_1.4.5/Tools/MinGW/bin/../lib/gcc/i686-w64-mingw32/4.9.2\libstdc++.a(eh_term_handler.o)
 .text          0x00408a70        0x0 C:/Program Files/ETAS/ISOLAR-EVE3.0/plugins/com.etas.evetools.toolsfolder_1.4.5/Tools/MinGW/bin/../lib/gcc/i686-w64-mingw32/4.9.2\libstdc++.a(eh_throw.o)
 .text          0x00408a70        0x0 C:/Program Files/ETAS/ISOLAR-EVE3.0/plugins/com.etas.evetools.toolsfolder_1.4.5/Tools/MinGW/bin/../lib/gcc/i686-w64-mingw32/4.9.2\libstdc++.a(eh_unex_handler.o)
 .text          0x00408a70        0x0 C:/Program Files/ETAS/ISOLAR-EVE3.0/plugins/com.etas.evetools.toolsfolder_1.4.5/Tools/MinGW/bin/../lib/gcc/i686-w64-mingw32/4.9.2\libstdc++.a(new_op.o)
 .text          0x00408a70        0x0 C:/Program Files/ETAS/ISOLAR-EVE3.0/plugins/com.etas.evetools.toolsfolder_1.4.5/Tools/MinGW/bin/../lib/gcc/i686-w64-mingw32/4.9.2\libstdc++.a(new_opv.o)
 .text          0x00408a70        0x0 C:/Program Files/ETAS/ISOLAR-EVE3.0/plugins/com.etas.evetools.toolsfolder_1.4.5/Tools/MinGW/bin/../lib/gcc/i686-w64-mingw32/4.9.2\libstdc++.a(pure.o)
 .text          0x00408a70        0x0 C:/Program Files/ETAS/ISOLAR-EVE3.0/plugins/com.etas.evetools.toolsfolder_1.4.5/Tools/MinGW/bin/../lib/gcc/i686-w64-mingw32/4.9.2\libstdc++.a(si_class_type_info.o)
 .text          0x00408a70        0x0 C:/Program Files/ETAS/ISOLAR-EVE3.0/plugins/com.etas.evetools.toolsfolder_1.4.5/Tools/MinGW/bin/../lib/gcc/i686-w64-mingw32/4.9.2\libstdc++.a(tinfo.o)
 .text          0x00408a70        0x0 C:/Program Files/ETAS/ISOLAR-EVE3.0/plugins/com.etas.evetools.toolsfolder_1.4.5/Tools/MinGW/bin/../lib/gcc/i686-w64-mingw32/4.9.2\libstdc++.a(vmi_class_type_info.o)
 .text          0x00408a70        0x0 C:/Program Files/ETAS/ISOLAR-EVE3.0/plugins/com.etas.evetools.toolsfolder_1.4.5/Tools/MinGW/bin/../lib/gcc/i686-w64-mingw32/4.9.2\libstdc++.a(vterminate.o)
 .text          0x00408a70        0x0 C:/Program Files/ETAS/ISOLAR-EVE3.0/plugins/com.etas.evetools.toolsfolder_1.4.5/Tools/MinGW/bin/../lib/gcc/i686-w64-mingw32/4.9.2\libstdc++.a(bad_alloc.o)
 .text          0x00408a70     0xb620 C:/Program Files/ETAS/ISOLAR-EVE3.0/plugins/com.etas.evetools.toolsfolder_1.4.5/Tools/MinGW/bin/../lib/gcc/i686-w64-mingw32/4.9.2\libstdc++.a(cp-demangle.o)
                0x00413f00                __cxa_demangle
                0x00414050                __gcclibcxx_demangle_callback
 .text          0x00414090        0x0 C:/Program Files/ETAS/ISOLAR-EVE3.0/plugins/com.etas.evetools.toolsfolder_1.4.5/Tools/MinGW/bin/../lib/gcc/i686-w64-mingw32/4.9.2\libstdc++.a(eh_alloc.o)
 .text          0x00414090        0x0 C:/Program Files/ETAS/ISOLAR-EVE3.0/plugins/com.etas.evetools.toolsfolder_1.4.5/Tools/MinGW/bin/../lib/gcc/i686-w64-mingw32/4.9.2\libstdc++.a(eh_call.o)
 .text          0x00414090        0x0 C:/Program Files/ETAS/ISOLAR-EVE3.0/plugins/com.etas.evetools.toolsfolder_1.4.5/Tools/MinGW/bin/../lib/gcc/i686-w64-mingw32/4.9.2\libstdc++.a(eh_exception.o)
 .text          0x00414090        0x0 C:/Program Files/ETAS/ISOLAR-EVE3.0/plugins/com.etas.evetools.toolsfolder_1.4.5/Tools/MinGW/bin/../lib/gcc/i686-w64-mingw32/4.9.2\libstdc++.a(eh_type.o)
 .text          0x00414090        0x0 C:/Program Files/ETAS/ISOLAR-EVE3.0/plugins/com.etas.evetools.toolsfolder_1.4.5/Tools/MinGW/bin/../lib/gcc/i686-w64-mingw32/4.9.2\libstdc++.a(new_handler.o)
 .text          0x00414090       0xe0 C:/Program Files/ETAS/ISOLAR-EVE3.0/plugins/com.etas.evetools.toolsfolder_1.4.5/Tools/MinGW/bin/../lib/gcc/i686-w64-mingw32/4.9.2/../../../../i686-w64-mingw32/lib/../lib/libmingw32.a(lib32_libmingw32_a-atonexit.o)
                0x00414090                mingw_onexit
                0x00414150                atexit
 .text          0x00414170       0xa0 C:/Program Files/ETAS/ISOLAR-EVE3.0/plugins/com.etas.evetools.toolsfolder_1.4.5/Tools/MinGW/bin/../lib/gcc/i686-w64-mingw32/4.9.2/../../../../i686-w64-mingw32/lib/../lib/libmingw32.a(lib32_libmingw32_a-gccmain.o)
                0x00414170                __do_global_dtors
                0x004141a0                __do_global_ctors
                0x004141f0                __main
 .text          0x00414210        0x0 C:/Program Files/ETAS/ISOLAR-EVE3.0/plugins/com.etas.evetools.toolsfolder_1.4.5/Tools/MinGW/bin/../lib/gcc/i686-w64-mingw32/4.9.2/../../../../i686-w64-mingw32/lib/../lib/libmingw32.a(lib32_libmingw32_a-natstart.o)
 .text          0x00414210        0x0 C:/Program Files/ETAS/ISOLAR-EVE3.0/plugins/com.etas.evetools.toolsfolder_1.4.5/Tools/MinGW/bin/../lib/gcc/i686-w64-mingw32/4.9.2/../../../../i686-w64-mingw32/lib/../lib/libmingw32.a(lib32_libmingw32_a-wildcard.o)
 .text          0x00414210       0x10 C:/Program Files/ETAS/ISOLAR-EVE3.0/plugins/com.etas.evetools.toolsfolder_1.4.5/Tools/MinGW/bin/../lib/gcc/i686-w64-mingw32/4.9.2/../../../../i686-w64-mingw32/lib/../lib/libmingw32.a(lib32_libmingw32_a-charmax.o)
 .text          0x00414220       0x10 C:/Program Files/ETAS/ISOLAR-EVE3.0/plugins/com.etas.evetools.toolsfolder_1.4.5/Tools/MinGW/bin/../lib/gcc/i686-w64-mingw32/4.9.2/../../../../i686-w64-mingw32/lib/../lib/libmingw32.a(lib32_libmingw32_a-dllargv.o)
                0x00414220                _setargv
 .text          0x00414230      0x140 C:/Program Files/ETAS/ISOLAR-EVE3.0/plugins/com.etas.evetools.toolsfolder_1.4.5/Tools/MinGW/bin/../lib/gcc/i686-w64-mingw32/4.9.2/../../../../i686-w64-mingw32/lib/../lib/libmingw32.a(lib32_libmingw32_a-gs_support.o)
                0x00414230                __security_init_cookie
                0x004142e0                __report_gsfailure
 .text          0x00414370        0x0 C:/Program Files/ETAS/ISOLAR-EVE3.0/plugins/com.etas.evetools.toolsfolder_1.4.5/Tools/MinGW/bin/../lib/gcc/i686-w64-mingw32/4.9.2/../../../../i686-w64-mingw32/lib/../lib/libmingw32.a(lib32_libmingw32_a-_newmode.o)
 .text          0x00414370       0xe0 C:/Program Files/ETAS/ISOLAR-EVE3.0/plugins/com.etas.evetools.toolsfolder_1.4.5/Tools/MinGW/bin/../lib/gcc/i686-w64-mingw32/4.9.2/../../../../i686-w64-mingw32/lib/../lib/libmingw32.a(lib32_libmingw32_a-tlssup.o)
                0x004143c0                __dyn_tls_init@12
                0x00414440                __tlregdtor
 .text          0x00414450        0x0 C:/Program Files/ETAS/ISOLAR-EVE3.0/plugins/com.etas.evetools.toolsfolder_1.4.5/Tools/MinGW/bin/../lib/gcc/i686-w64-mingw32/4.9.2/../../../../i686-w64-mingw32/lib/../lib/libmingw32.a(lib32_libmingw32_a-cinitexe.o)
 .text          0x00414450       0xc0 C:/Program Files/ETAS/ISOLAR-EVE3.0/plugins/com.etas.evetools.toolsfolder_1.4.5/Tools/MinGW/bin/../lib/gcc/i686-w64-mingw32/4.9.2/../../../../i686-w64-mingw32/lib/../lib/libmingw32.a(lib32_libmingw32_a-merr.o)
                0x00414450                __mingw_raise_matherr
                0x004144a0                __mingw_setusermatherr
                0x004144b0                _matherr
 .text          0x00414510       0x10 C:/Program Files/ETAS/ISOLAR-EVE3.0/plugins/com.etas.evetools.toolsfolder_1.4.5/Tools/MinGW/bin/../lib/gcc/i686-w64-mingw32/4.9.2/../../../../i686-w64-mingw32/lib/../lib/libmingw32.a(lib32_libmingw32_a-CRT_fp10.o)
                0x00414510                fpreset
                0x00414510                _fpreset
 .text          0x00414520       0x20 C:/Program Files/ETAS/ISOLAR-EVE3.0/plugins/com.etas.evetools.toolsfolder_1.4.5/Tools/MinGW/bin/../lib/gcc/i686-w64-mingw32/4.9.2/../../../../i686-w64-mingw32/lib/../lib/libmingw32.a(lib32_libmingw32_a-mingw_helpers.o)
                0x00414520                _decode_pointer
                0x00414530                _encode_pointer
 .text          0x00414540      0x440 C:/Program Files/ETAS/ISOLAR-EVE3.0/plugins/com.etas.evetools.toolsfolder_1.4.5/Tools/MinGW/bin/../lib/gcc/i686-w64-mingw32/4.9.2/../../../../i686-w64-mingw32/lib/../lib/libmingw32.a(lib32_libmingw32_a-pseudo-reloc.o)
                0x004146e0                _pei386_runtime_relocator
 .text          0x00414980        0x0 C:/Program Files/ETAS/ISOLAR-EVE3.0/plugins/com.etas.evetools.toolsfolder_1.4.5/Tools/MinGW/bin/../lib/gcc/i686-w64-mingw32/4.9.2/../../../../i686-w64-mingw32/lib/../lib/libmingw32.a(lib32_libmingw32_a-xtxtmode.o)
 .text          0x00414980      0x150 C:/Program Files/ETAS/ISOLAR-EVE3.0/plugins/com.etas.evetools.toolsfolder_1.4.5/Tools/MinGW/bin/../lib/gcc/i686-w64-mingw32/4.9.2/../../../../i686-w64-mingw32/lib/../lib/libmingw32.a(lib32_libmingw32_a-crt_handler.o)
                0x00414980                _gnu_exception_handler@4
 .text          0x00414ad0      0x290 C:/Program Files/ETAS/ISOLAR-EVE3.0/plugins/com.etas.evetools.toolsfolder_1.4.5/Tools/MinGW/bin/../lib/gcc/i686-w64-mingw32/4.9.2/../../../../i686-w64-mingw32/lib/../lib/libmingw32.a(lib32_libmingw32_a-tlsthrd.o)
                0x00414b50                ___w64_mingwthr_add_key_dtor
                0x00414be0                ___w64_mingwthr_remove_key_dtor
                0x00414c80                __mingw_TLScallback
 .text          0x00414d60        0x0 C:/Program Files/ETAS/ISOLAR-EVE3.0/plugins/com.etas.evetools.toolsfolder_1.4.5/Tools/MinGW/bin/../lib/gcc/i686-w64-mingw32/4.9.2/../../../../i686-w64-mingw32/lib/../lib/libmingw32.a(lib32_libmingw32_a-tlsmcrt.o)
 .text          0x00414d60        0x0 C:/Program Files/ETAS/ISOLAR-EVE3.0/plugins/com.etas.evetools.toolsfolder_1.4.5/Tools/MinGW/bin/../lib/gcc/i686-w64-mingw32/4.9.2/../../../../i686-w64-mingw32/lib/../lib/libmingw32.a(lib32_libmingw32_a-pseudo-reloc-list.o)
 .text          0x00414d60      0x340 C:/Program Files/ETAS/ISOLAR-EVE3.0/plugins/com.etas.evetools.toolsfolder_1.4.5/Tools/MinGW/bin/../lib/gcc/i686-w64-mingw32/4.9.2/../../../../i686-w64-mingw32/lib/../lib/libmingw32.a(lib32_libmingw32_a-pesect.o)
                0x00414d80                _ValidateImageBase
                0x00414da0                _FindPESection
                0x00414de0                _FindPESectionByName
                0x00414e80                __mingw_GetSectionForAddress
                0x00414ed0                __mingw_GetSectionCount
                0x00414f00                _FindPESectionExec
                0x00414f70                _GetPEImageBase
                0x00414fa0                _IsNonwritableInCurrentImage
                0x00415000                __mingw_enum_import_library_names
 .text          0x004150a0       0x2c C:/Program Files/ETAS/ISOLAR-EVE3.0/plugins/com.etas.evetools.toolsfolder_1.4.5/Tools/MinGW/bin/../lib/gcc/i686-w64-mingw32/4.9.2/libgcc.a(_chkstk_ms.o)
                0x004150a0                __chkstk_ms
 .text          0x004150cc        0x0 C:/Program Files/ETAS/ISOLAR-EVE3.0/plugins/com.etas.evetools.toolsfolder_1.4.5/Tools/MinGW/bin/../lib/gcc/i686-w64-mingw32/4.9.2/libgcc.a(_ctors.o)
 *fill*         0x004150cc        0x4 
 .text          0x004150d0      0x1a0 C:/Program Files/ETAS/ISOLAR-EVE3.0/plugins/com.etas.evetools.toolsfolder_1.4.5/Tools/MinGW/bin/../lib/gcc/i686-w64-mingw32/4.9.2/libgcc.a(_divdi3.o)
                0x004150d0                __divdi3
 .text          0x00415270      0x430 C:/Program Files/ETAS/ISOLAR-EVE3.0/plugins/com.etas.evetools.toolsfolder_1.4.5/Tools/MinGW/bin/../lib/gcc/i686-w64-mingw32/4.9.2/libgcc.a(gthr-win32.o)
                0x00415270                __gthr_win32_once
                0x004152f0                __gthr_win32_key_create
                0x00415330                __gthr_win32_key_delete
                0x00415360                __gthr_win32_getspecific
                0x004153a0                __gthr_win32_setspecific
                0x004153d0                __gthr_win32_mutex_init_function
                0x00415410                __gthr_win32_mutex_destroy
                0x00415430                __gthr_win32_mutex_lock
                0x00415470                __gthr_win32_mutex_trylock
                0x00415490                __gthr_win32_mutex_unlock
                0x004154e0                __gthr_win32_recursive_mutex_init_function
                0x00415530                __gthr_win32_recursive_mutex_lock
                0x004155c0                __gthr_win32_recursive_mutex_trylock
                0x00415620                __gthr_win32_recursive_mutex_unlock
                0x00415680                __gthr_win32_recursive_mutex_destroy
 .text          0x004156a0     0x2780 C:/Program Files/ETAS/ISOLAR-EVE3.0/plugins/com.etas.evetools.toolsfolder_1.4.5/Tools/MinGW/bin/../lib/gcc/i686-w64-mingw32/4.9.2/libgcc_eh.a(unwind-dw2.o)
                0x004177d0                _Unwind_GetGR
                0x00417820                _Unwind_GetCFA
                0x00417830                _Unwind_SetGR
                0x00417880                _Unwind_GetIP
                0x00417890                _Unwind_GetIPInfo
                0x004178b0                _Unwind_SetIP
                0x004178c0                _Unwind_GetLanguageSpecificData
                0x004178d0                _Unwind_GetRegionStart
                0x004178e0                _Unwind_FindEnclosingFunction
                0x00417920                _Unwind_GetDataRelBase
                0x00417930                _Unwind_GetTextRelBase
                0x00417940                __frame_state_for
                0x00417a30                _Unwind_RaiseException
                0x00417b90                _Unwind_ForcedUnwind
                0x00417c30                _Unwind_Resume
                0x00417cd0                _Unwind_Resume_or_Rethrow
                0x00417d80                _Unwind_DeleteException
                0x00417da0                _Unwind_Backtrace
 .text          0x00417e20     0x17d0 C:/Program Files/ETAS/ISOLAR-EVE3.0/plugins/com.etas.evetools.toolsfolder_1.4.5/Tools/MinGW/bin/../lib/gcc/i686-w64-mingw32/4.9.2/libgcc_eh.a(unwind-dw2-fde.o)
                0x00418f10                __register_frame_info_bases
                0x00418f40                __register_frame_info
                0x00418f70                __register_frame
                0x00418fb0                __register_frame_info_table_bases
                0x00419110                __register_frame_info_table
                0x00419140                __register_frame_table
                0x00419180                __deregister_frame_info_bases
                0x00419370                __deregister_frame_info
                0x00419380                __deregister_frame
                0x004193b0                _Unwind_Find_FDE
 .text          0x004195f0      0x3f0 C:/Program Files/ETAS/ISOLAR-EVE3.0/plugins/com.etas.evetools.toolsfolder_1.4.5/Tools/MinGW/bin/../lib/gcc/i686-w64-mingw32/4.9.2/libgcc_eh.a(emutls.o)
                0x00419730                __emutls_get_address
                0x004199a0                __emutls_register_common
 .text          0x004199e0        0x0 C:/Program Files/ETAS/ISOLAR-EVE3.0/plugins/com.etas.evetools.toolsfolder_1.4.5/Tools/MinGW/bin/../lib/gcc/i686-w64-mingw32/4.9.2/../../../../i686-w64-mingw32/lib/../lib/libmingwex.a(lib32_libmingwex_a-mingw_matherr.o)
 .text          0x004199e0        0x8 C:/Program Files/ETAS/ISOLAR-EVE3.0/plugins/com.etas.evetools.toolsfolder_1.4.5/Tools/MinGW/bin/../lib/gcc/i686-w64-mingw32/4.9.2/../../../../i686-w64-mingw32/lib/../lib/libmsvcrt.a(dcpds01256.o)
                0x004199e0                vsprintf
 .text          0x004199e8        0x8 C:/Program Files/ETAS/ISOLAR-EVE3.0/plugins/com.etas.evetools.toolsfolder_1.4.5/Tools/MinGW/bin/../lib/gcc/i686-w64-mingw32/4.9.2/../../../../i686-w64-mingw32/lib/../lib/libmsvcrt.a(dcpds01249.o)
                0x004199e8                vfprintf
 .text          0x004199f0        0x8 C:/Program Files/ETAS/ISOLAR-EVE3.0/plugins/com.etas.evetools.toolsfolder_1.4.5/Tools/MinGW/bin/../lib/gcc/i686-w64-mingw32/4.9.2/../../../../i686-w64-mingw32/lib/../lib/libmsvcrt.a(dcpds01217.o)
                0x004199f0                strncpy
 .text          0x004199f8        0x8 C:/Program Files/ETAS/ISOLAR-EVE3.0/plugins/com.etas.evetools.toolsfolder_1.4.5/Tools/MinGW/bin/../lib/gcc/i686-w64-mingw32/4.9.2/../../../../i686-w64-mingw32/lib/../lib/libmsvcrt.a(dcpds01216.o)
                0x004199f8                strncmp
 .text          0x00419a00        0x8 C:/Program Files/ETAS/ISOLAR-EVE3.0/plugins/com.etas.evetools.toolsfolder_1.4.5/Tools/MinGW/bin/../lib/gcc/i686-w64-mingw32/4.9.2/../../../../i686-w64-mingw32/lib/../lib/libmsvcrt.a(dcpds01213.o)
                0x00419a00                strlen
 .text          0x00419a08        0x8 C:/Program Files/ETAS/ISOLAR-EVE3.0/plugins/com.etas.evetools.toolsfolder_1.4.5/Tools/MinGW/bin/../lib/gcc/i686-w64-mingw32/4.9.2/../../../../i686-w64-mingw32/lib/../lib/libmsvcrt.a(dcpds01208.o)
                0x00419a08                strcpy
 .text          0x00419a10        0x8 C:/Program Files/ETAS/ISOLAR-EVE3.0/plugins/com.etas.evetools.toolsfolder_1.4.5/Tools/MinGW/bin/../lib/gcc/i686-w64-mingw32/4.9.2/../../../../i686-w64-mingw32/lib/../lib/libmsvcrt.a(dcpds01206.o)
                0x00419a10                strcmp
 .text          0x00419a18        0x8 C:/Program Files/ETAS/ISOLAR-EVE3.0/plugins/com.etas.evetools.toolsfolder_1.4.5/Tools/MinGW/bin/../lib/gcc/i686-w64-mingw32/4.9.2/../../../../i686-w64-mingw32/lib/../lib/libmsvcrt.a(dcpds01203.o)
                0x00419a18                strcat
 .text          0x00419a20        0x8 C:/Program Files/ETAS/ISOLAR-EVE3.0/plugins/com.etas.evetools.toolsfolder_1.4.5/Tools/MinGW/bin/../lib/gcc/i686-w64-mingw32/4.9.2/../../../../i686-w64-mingw32/lib/../lib/libmsvcrt.a(dcpds01198.o)
                0x00419a20                sprintf
 .text          0x00419a28        0x8 C:/Program Files/ETAS/ISOLAR-EVE3.0/plugins/com.etas.evetools.toolsfolder_1.4.5/Tools/MinGW/bin/../lib/gcc/i686-w64-mingw32/4.9.2/../../../../i686-w64-mingw32/lib/../lib/libmsvcrt.a(dcpds01195.o)
                0x00419a28                signal
 .text          0x00419a30        0x8 C:/Program Files/ETAS/ISOLAR-EVE3.0/plugins/com.etas.evetools.toolsfolder_1.4.5/Tools/MinGW/bin/../lib/gcc/i686-w64-mingw32/4.9.2/../../../../i686-w64-mingw32/lib/../lib/libmsvcrt.a(dcpds01186.o)
                0x00419a30                realloc
 .text          0x00419a38        0x8 C:/Program Files/ETAS/ISOLAR-EVE3.0/plugins/com.etas.evetools.toolsfolder_1.4.5/Tools/MinGW/bin/../lib/gcc/i686-w64-mingw32/4.9.2/../../../../i686-w64-mingw32/lib/../lib/libmsvcrt.a(dcpds01170.o)
                0x00419a38                memcpy
 .text          0x00419a40        0x8 C:/Program Files/ETAS/ISOLAR-EVE3.0/plugins/com.etas.evetools.toolsfolder_1.4.5/Tools/MinGW/bin/../lib/gcc/i686-w64-mingw32/4.9.2/../../../../i686-w64-mingw32/lib/../lib/libmsvcrt.a(dcpds01167.o)
                0x00419a40                memset
 .text          0x00419a48        0x8 C:/Program Files/ETAS/ISOLAR-EVE3.0/plugins/com.etas.evetools.toolsfolder_1.4.5/Tools/MinGW/bin/../lib/gcc/i686-w64-mingw32/4.9.2/../../../../i686-w64-mingw32/lib/../lib/libmsvcrt.a(dcpds01165.o)
                0x00419a48                memcmp
 .text          0x00419a50        0x8 C:/Program Files/ETAS/ISOLAR-EVE3.0/plugins/com.etas.evetools.toolsfolder_1.4.5/Tools/MinGW/bin/../lib/gcc/i686-w64-mingw32/4.9.2/../../../../i686-w64-mingw32/lib/../lib/libmsvcrt.a(dcpds01159.o)
                0x00419a50                malloc
 .text          0x00419a58        0x8 C:/Program Files/ETAS/ISOLAR-EVE3.0/plugins/com.etas.evetools.toolsfolder_1.4.5/Tools/MinGW/bin/../lib/gcc/i686-w64-mingw32/4.9.2/../../../../i686-w64-mingw32/lib/../lib/libmsvcrt.a(dcpds01112.o)
                0x00419a58                fwrite
 .text          0x00419a60        0x8 C:/Program Files/ETAS/ISOLAR-EVE3.0/plugins/com.etas.evetools.toolsfolder_1.4.5/Tools/MinGW/bin/../lib/gcc/i686-w64-mingw32/4.9.2/../../../../i686-w64-mingw32/lib/../lib/libmsvcrt.a(dcpds01101.o)
                0x00419a60                free
 .text          0x00419a68        0x8 C:/Program Files/ETAS/ISOLAR-EVE3.0/plugins/com.etas.evetools.toolsfolder_1.4.5/Tools/MinGW/bin/../lib/gcc/i686-w64-mingw32/4.9.2/../../../../i686-w64-mingw32/lib/../lib/libmsvcrt.a(dcpds01097.o)
                0x00419a68                fputs
 .text          0x00419a70        0x8 C:/Program Files/ETAS/ISOLAR-EVE3.0/plugins/com.etas.evetools.toolsfolder_1.4.5/Tools/MinGW/bin/../lib/gcc/i686-w64-mingw32/4.9.2/../../../../i686-w64-mingw32/lib/../lib/libmsvcrt.a(dcpds01096.o)
                0x00419a70                fputc
 .text          0x00419a78        0x8 C:/Program Files/ETAS/ISOLAR-EVE3.0/plugins/com.etas.evetools.toolsfolder_1.4.5/Tools/MinGW/bin/../lib/gcc/i686-w64-mingw32/4.9.2/../../../../i686-w64-mingw32/lib/../lib/libmsvcrt.a(dcpds01094.o)
                0x00419a78                fprintf
 .text          0x00419a80        0x8 C:/Program Files/ETAS/ISOLAR-EVE3.0/plugins/com.etas.evetools.toolsfolder_1.4.5/Tools/MinGW/bin/../lib/gcc/i686-w64-mingw32/4.9.2/../../../../i686-w64-mingw32/lib/../lib/libmsvcrt.a(dcpds01092.o)
                0x00419a80                fopen
 .text          0x00419a88        0x8 C:/Program Files/ETAS/ISOLAR-EVE3.0/plugins/com.etas.evetools.toolsfolder_1.4.5/Tools/MinGW/bin/../lib/gcc/i686-w64-mingw32/4.9.2/../../../../i686-w64-mingw32/lib/../lib/libmsvcrt.a(dcpds01081.o)
                0x00419a88                fclose
 .text          0x00419a90        0x8 C:/Program Files/ETAS/ISOLAR-EVE3.0/plugins/com.etas.evetools.toolsfolder_1.4.5/Tools/MinGW/bin/../lib/gcc/i686-w64-mingw32/4.9.2/../../../../i686-w64-mingw32/lib/../lib/libmsvcrt.a(dcpds01078.o)
                0x00419a90                exit
 .text          0x00419a98        0x8 C:/Program Files/ETAS/ISOLAR-EVE3.0/plugins/com.etas.evetools.toolsfolder_1.4.5/Tools/MinGW/bin/../lib/gcc/i686-w64-mingw32/4.9.2/../../../../i686-w64-mingw32/lib/../lib/libmsvcrt.a(dcpds01067.o)
                0x00419a98                calloc
 .text          0x00419aa0        0x8 C:/Program Files/ETAS/ISOLAR-EVE3.0/plugins/com.etas.evetools.toolsfolder_1.4.5/Tools/MinGW/bin/../lib/gcc/i686-w64-mingw32/4.9.2/../../../../i686-w64-mingw32/lib/../lib/libmsvcrt.a(dcpds01063.o)
                0x00419aa0                atoi
 .text          0x00419aa8        0x8 C:/Program Files/ETAS/ISOLAR-EVE3.0/plugins/com.etas.evetools.toolsfolder_1.4.5/Tools/MinGW/bin/../lib/gcc/i686-w64-mingw32/4.9.2/../../../../i686-w64-mingw32/lib/../lib/libmsvcrt.a(dcpds01055.o)
                0x00419aa8                abort
 .text          0x00419ab0        0x8 C:/Program Files/ETAS/ISOLAR-EVE3.0/plugins/com.etas.evetools.toolsfolder_1.4.5/Tools/MinGW/bin/../lib/gcc/i686-w64-mingw32/4.9.2/../../../../i686-w64-mingw32/lib/../lib/libmsvcrt.a(dcpds01013.o)
                0x00419ab0                write
 .text          0x00419ab8        0x8 C:/Program Files/ETAS/ISOLAR-EVE3.0/plugins/com.etas.evetools.toolsfolder_1.4.5/Tools/MinGW/bin/../lib/gcc/i686-w64-mingw32/4.9.2/../../../../i686-w64-mingw32/lib/../lib/libmsvcrt.a(dcpds00840.o)
                0x00419ab8                _unlock
 .text          0x00419ac0        0x0 C:/Program Files/ETAS/ISOLAR-EVE3.0/plugins/com.etas.evetools.toolsfolder_1.4.5/Tools/MinGW/bin/../lib/gcc/i686-w64-mingw32/4.9.2/../../../../i686-w64-mingw32/lib/../lib/libmsvcrt.a(dcpds00627.o)
 .text          0x00419ac0        0x8 C:/Program Files/ETAS/ISOLAR-EVE3.0/plugins/com.etas.evetools.toolsfolder_1.4.5/Tools/MinGW/bin/../lib/gcc/i686-w64-mingw32/4.9.2/../../../../i686-w64-mingw32/lib/../lib/libmsvcrt.a(dcpds00460.o)
                0x00419ac0                _lock
 .text          0x00419ac8        0x0 C:/Program Files/ETAS/ISOLAR-EVE3.0/plugins/com.etas.evetools.toolsfolder_1.4.5/Tools/MinGW/bin/../lib/gcc/i686-w64-mingw32/4.9.2/../../../../i686-w64-mingw32/lib/../lib/libmsvcrt.a(dcpds00354.o)
 .text          0x00419ac8        0x8 C:/Program Files/ETAS/ISOLAR-EVE3.0/plugins/com.etas.evetools.toolsfolder_1.4.5/Tools/MinGW/bin/../lib/gcc/i686-w64-mingw32/4.9.2/../../../../i686-w64-mingw32/lib/../lib/libmsvcrt.a(dcpds00350.o)
                0x00419ac8                _initterm
 .text          0x00419ad0        0x0 C:/Program Files/ETAS/ISOLAR-EVE3.0/plugins/com.etas.evetools.toolsfolder_1.4.5/Tools/MinGW/bin/../lib/gcc/i686-w64-mingw32/4.9.2/../../../../i686-w64-mingw32/lib/../lib/libmsvcrt.a(dcpds00275.o)
 .text          0x00419ad0        0x8 C:/Program Files/ETAS/ISOLAR-EVE3.0/plugins/com.etas.evetools.toolsfolder_1.4.5/Tools/MinGW/bin/../lib/gcc/i686-w64-mingw32/4.9.2/../../../../i686-w64-mingw32/lib/../lib/libmsvcrt.a(dcpds00163.o)
                0x00419ad0                _cexit
 .text          0x00419ad8        0x8 C:/Program Files/ETAS/ISOLAR-EVE3.0/plugins/com.etas.evetools.toolsfolder_1.4.5/Tools/MinGW/bin/../lib/gcc/i686-w64-mingw32/4.9.2/../../../../i686-w64-mingw32/lib/../lib/libmsvcrt.a(dcpds00145.o)
                0x00419ad8                _amsg_exit
 .text          0x00419ae0        0x0 C:/Program Files/ETAS/ISOLAR-EVE3.0/plugins/com.etas.evetools.toolsfolder_1.4.5/Tools/MinGW/bin/../lib/gcc/i686-w64-mingw32/4.9.2/../../../../i686-w64-mingw32/lib/../lib/libmsvcrt.a(dcpds00123.o)
 .text          0x00419ae0        0x8 C:/Program Files/ETAS/ISOLAR-EVE3.0/plugins/com.etas.evetools.toolsfolder_1.4.5/Tools/MinGW/bin/../lib/gcc/i686-w64-mingw32/4.9.2/../../../../i686-w64-mingw32/lib/../lib/libmsvcrt.a(dcpds00108.o)
                0x00419ae0                __setusermatherr
 .text          0x00419ae8        0x8 C:/Program Files/ETAS/ISOLAR-EVE3.0/plugins/com.etas.evetools.toolsfolder_1.4.5/Tools/MinGW/bin/../lib/gcc/i686-w64-mingw32/4.9.2/../../../../i686-w64-mingw32/lib/../lib/libmsvcrt.a(dcpds00105.o)
                0x00419ae8                __set_app_type
 .text          0x00419af0        0x0 C:/Program Files/ETAS/ISOLAR-EVE3.0/plugins/com.etas.evetools.toolsfolder_1.4.5/Tools/MinGW/bin/../lib/gcc/i686-w64-mingw32/4.9.2/../../../../i686-w64-mingw32/lib/../lib/libmsvcrt.a(dcpds00059.o)
 .text          0x00419af0        0x8 C:/Program Files/ETAS/ISOLAR-EVE3.0/plugins/com.etas.evetools.toolsfolder_1.4.5/Tools/MinGW/bin/../lib/gcc/i686-w64-mingw32/4.9.2/../../../../i686-w64-mingw32/lib/../lib/libmsvcrt.a(dcpds00058.o)
                0x00419af0                __getmainargs
 .text          0x00419af8        0x8 C:/Program Files/ETAS/ISOLAR-EVE3.0/plugins/com.etas.evetools.toolsfolder_1.4.5/Tools/MinGW/bin/../lib/gcc/i686-w64-mingw32/4.9.2/../../../../i686-w64-mingw32/lib/../lib/libmsvcrt.a(dcpds00055.o)
                0x00419af8                __dllonexit
 .text          0x00419b00       0x20 C:/Program Files/ETAS/ISOLAR-EVE3.0/plugins/com.etas.evetools.toolsfolder_1.4.5/Tools/MinGW/bin/../lib/gcc/i686-w64-mingw32/4.9.2/../../../../i686-w64-mingw32/lib/../lib/libmsvcrt.a(lib32_libmsvcrt_a-invalid_parameter_handler.o)
                0x00419b00                _get_invalid_parameter_handler
                0x00419b10                _set_invalid_parameter_handler
 .text          0x00419b20        0x0 C:/Program Files/ETAS/ISOLAR-EVE3.0/plugins/com.etas.evetools.toolsfolder_1.4.5/Tools/MinGW/bin/../lib/gcc/i686-w64-mingw32/4.9.2/../../../../i686-w64-mingw32/lib/../lib/libmsvcrt.a(dcpdh.o)
 .text          0x00419b20        0x0 C:/Program Files/ETAS/ISOLAR-EVE3.0/plugins/com.etas.evetools.toolsfolder_1.4.5/Tools/MinGW/bin/../lib/gcc/i686-w64-mingw32/4.9.2/../../../../i686-w64-mingw32/lib/../lib/libmsvcrt.a(dcpdt.o)
 .text          0x00419b20        0x0 C:/Program Files/ETAS/ISOLAR-EVE3.0/plugins/com.etas.evetools.toolsfolder_1.4.5/Tools/MinGW/bin/../lib/gcc/i686-w64-mingw32/4.9.2/../../../../i686-w64-mingw32/lib/../lib/libuser32.a(diqeh.o)
 .text          0x00419b20        0x0 C:/Program Files/ETAS/ISOLAR-EVE3.0/plugins/com.etas.evetools.toolsfolder_1.4.5/Tools/MinGW/bin/../lib/gcc/i686-w64-mingw32/4.9.2/../../../../i686-w64-mingw32/lib/../lib/libuser32.a(diqet.o)
 .text          0x00419b20        0x0 C:/Program Files/ETAS/ISOLAR-EVE3.0/plugins/com.etas.evetools.toolsfolder_1.4.5/Tools/MinGW/bin/../lib/gcc/i686-w64-mingw32/4.9.2/../../../../i686-w64-mingw32/lib/../lib/libkernel32.a(dkxh.o)
 .text          0x00419b20        0x0 C:/Program Files/ETAS/ISOLAR-EVE3.0/plugins/com.etas.evetools.toolsfolder_1.4.5/Tools/MinGW/bin/../lib/gcc/i686-w64-mingw32/4.9.2/../../../../i686-w64-mingw32/lib/../lib/libkernel32.a(dkxt.o)
 .text          0x00419b20       0x30 C:/Program Files/ETAS/ISOLAR-EVE3.0/plugins/com.etas.evetools.toolsfolder_1.4.5/Tools/MinGW/bin/../lib/gcc/i686-w64-mingw32/4.9.2/../../../../i686-w64-mingw32/lib/../lib/libmingw32.a(lib32_libmingw32_a-tlsmthread.o)
                0x00419b20                __mingwthr_remove_key_dtor
                0x00419b30                __mingwthr_key_dtor
 .text          0x00419b50        0x0 C:/Program Files/ETAS/ISOLAR-EVE3.0/plugins/com.etas.evetools.toolsfolder_1.4.5/Tools/MinGW/bin/../lib/gcc/i686-w64-mingw32/4.9.2/crtend.o
 *(SORT(.text$*))
 .text$_ZL12read_sleb128PKhPl
                0x00419b50       0x40 C:/Program Files/ETAS/ISOLAR-EVE3.0/plugins/com.etas.evetools.toolsfolder_1.4.5/Tools/MinGW/bin/../lib/gcc/i686-w64-mingw32/4.9.2\libstdc++.a(eh_personality.o)
 .text$_ZL15get_ttype_entryP16lsda_header_infom
                0x00419b90       0x80 C:/Program Files/ETAS/ISOLAR-EVE3.0/plugins/com.etas.evetools.toolsfolder_1.4.5/Tools/MinGW/bin/../lib/gcc/i686-w64-mingw32/4.9.2\libstdc++.a(eh_personality.o)
 .text$_ZL16get_adjusted_ptrPKSt9type_infoS1_PPv
                0x00419c10       0x60 C:/Program Files/ETAS/ISOLAR-EVE3.0/plugins/com.etas.evetools.toolsfolder_1.4.5/Tools/MinGW/bin/../lib/gcc/i686-w64-mingw32/4.9.2\libstdc++.a(eh_personality.o)
 .text$_ZL17parse_lsda_headerP15_Unwind_ContextPKhP16lsda_header_info
                0x00419c70       0xf0 C:/Program Files/ETAS/ISOLAR-EVE3.0/plugins/com.etas.evetools.toolsfolder_1.4.5/Tools/MinGW/bin/../lib/gcc/i686-w64-mingw32/4.9.2\libstdc++.a(eh_personality.o)
 .text$_ZL20check_exception_specP16lsda_header_infoPKSt9type_infoPvl
                0x00419d60       0x70 C:/Program Files/ETAS/ISOLAR-EVE3.0/plugins/com.etas.evetools.toolsfolder_1.4.5/Tools/MinGW/bin/../lib/gcc/i686-w64-mingw32/4.9.2\libstdc++.a(eh_personality.o)
 .text$_ZL21base_of_encoded_valuehP15_Unwind_Context
                0x00419dd0       0x70 C:/Program Files/ETAS/ISOLAR-EVE3.0/plugins/com.etas.evetools.toolsfolder_1.4.5/Tools/MinGW/bin/../lib/gcc/i686-w64-mingw32/4.9.2\libstdc++.a(eh_personality.o)
 .text$_ZL23__gxx_exception_cleanup19_Unwind_Reason_CodeP17_Unwind_Exception
                0x00419e40       0x50 C:/Program Files/ETAS/ISOLAR-EVE3.0/plugins/com.etas.evetools.toolsfolder_1.4.5/Tools/MinGW/bin/../lib/gcc/i686-w64-mingw32/4.9.2\libstdc++.a(eh_throw.o)
 .text$_ZL28read_encoded_value_with_basehjPKhPj
                0x00419e90       0xf0 C:/Program Files/ETAS/ISOLAR-EVE3.0/plugins/com.etas.evetools.toolsfolder_1.4.5/Tools/MinGW/bin/../lib/gcc/i686-w64-mingw32/4.9.2\libstdc++.a(eh_personality.o)
 .text$_ZN10__cxxabiv111__terminateEPFvvE
                0x00419f80       0x40 C:/Program Files/ETAS/ISOLAR-EVE3.0/plugins/com.etas.evetools.toolsfolder_1.4.5/Tools/MinGW/bin/../lib/gcc/i686-w64-mingw32/4.9.2\libstdc++.a(eh_terminate.o)
                0x00419f80                __cxxabiv1::__terminate(void (*)())
 .text$_ZN10__cxxabiv112__unexpectedEPFvvE
                0x00419fc0       0x10 C:/Program Files/ETAS/ISOLAR-EVE3.0/plugins/com.etas.evetools.toolsfolder_1.4.5/Tools/MinGW/bin/../lib/gcc/i686-w64-mingw32/4.9.2\libstdc++.a(eh_terminate.o)
                0x00419fc0                __cxxabiv1::__unexpected(void (*)())
 .text$_ZN10__cxxabiv115__forced_unwindD0Ev
                0x00419fd0       0x10 C:/Program Files/ETAS/ISOLAR-EVE3.0/plugins/com.etas.evetools.toolsfolder_1.4.5/Tools/MinGW/bin/../lib/gcc/i686-w64-mingw32/4.9.2\libstdc++.a(eh_exception.o)
                0x00419fd0                __cxxabiv1::__forced_unwind::~__forced_unwind()
 .text$_ZN10__cxxabiv115__forced_unwindD2Ev
                0x00419fe0       0x10 C:/Program Files/ETAS/ISOLAR-EVE3.0/plugins/com.etas.evetools.toolsfolder_1.4.5/Tools/MinGW/bin/../lib/gcc/i686-w64-mingw32/4.9.2\libstdc++.a(eh_exception.o)
                0x00419fe0                __cxxabiv1::__forced_unwind::~__forced_unwind()
                0x00419fe0                __cxxabiv1::__forced_unwind::~__forced_unwind()
 .text$_ZN10__cxxabiv117__class_type_infoD0Ev
                0x00419ff0       0x20 C:/Program Files/ETAS/ISOLAR-EVE3.0/plugins/com.etas.evetools.toolsfolder_1.4.5/Tools/MinGW/bin/../lib/gcc/i686-w64-mingw32/4.9.2\libstdc++.a(class_type_info.o)
                0x00419ff0                __cxxabiv1::__class_type_info::~__class_type_info()
 .text$_ZN10__cxxabiv117__class_type_infoD2Ev
                0x0041a010       0x10 C:/Program Files/ETAS/ISOLAR-EVE3.0/plugins/com.etas.evetools.toolsfolder_1.4.5/Tools/MinGW/bin/../lib/gcc/i686-w64-mingw32/4.9.2\libstdc++.a(class_type_info.o)
                0x0041a010                __cxxabiv1::__class_type_info::~__class_type_info()
                0x0041a010                __cxxabiv1::__class_type_info::~__class_type_info()
 .text$_ZN10__cxxabiv119__foreign_exceptionD0Ev
                0x0041a020       0x10 C:/Program Files/ETAS/ISOLAR-EVE3.0/plugins/com.etas.evetools.toolsfolder_1.4.5/Tools/MinGW/bin/../lib/gcc/i686-w64-mingw32/4.9.2\libstdc++.a(eh_exception.o)
                0x0041a020                __cxxabiv1::__foreign_exception::~__foreign_exception()
 .text$_ZN10__cxxabiv119__foreign_exceptionD2Ev
                0x0041a030       0x10 C:/Program Files/ETAS/ISOLAR-EVE3.0/plugins/com.etas.evetools.toolsfolder_1.4.5/Tools/MinGW/bin/../lib/gcc/i686-w64-mingw32/4.9.2\libstdc++.a(eh_exception.o)
                0x0041a030                __cxxabiv1::__foreign_exception::~__foreign_exception()
                0x0041a030                __cxxabiv1::__foreign_exception::~__foreign_exception()
 .text$_ZN10__cxxabiv120__si_class_type_infoD0Ev
                0x0041a040       0x20 C:/Program Files/ETAS/ISOLAR-EVE3.0/plugins/com.etas.evetools.toolsfolder_1.4.5/Tools/MinGW/bin/../lib/gcc/i686-w64-mingw32/4.9.2\libstdc++.a(si_class_type_info.o)
                0x0041a040                __cxxabiv1::__si_class_type_info::~__si_class_type_info()
 .text$_ZN10__cxxabiv120__si_class_type_infoD2Ev
                0x0041a060       0x10 C:/Program Files/ETAS/ISOLAR-EVE3.0/plugins/com.etas.evetools.toolsfolder_1.4.5/Tools/MinGW/bin/../lib/gcc/i686-w64-mingw32/4.9.2\libstdc++.a(si_class_type_info.o)
                0x0041a060                __cxxabiv1::__si_class_type_info::~__si_class_type_info()
                0x0041a060                __cxxabiv1::__si_class_type_info::~__si_class_type_info()
 .text$_ZN10__cxxabiv121__vmi_class_type_infoD0Ev
                0x0041a070       0x20 C:/Program Files/ETAS/ISOLAR-EVE3.0/plugins/com.etas.evetools.toolsfolder_1.4.5/Tools/MinGW/bin/../lib/gcc/i686-w64-mingw32/4.9.2\libstdc++.a(vmi_class_type_info.o)
                0x0041a070                __cxxabiv1::__vmi_class_type_info::~__vmi_class_type_info()
 .text$_ZN10__cxxabiv121__vmi_class_type_infoD2Ev
                0x0041a090       0x10 C:/Program Files/ETAS/ISOLAR-EVE3.0/plugins/com.etas.evetools.toolsfolder_1.4.5/Tools/MinGW/bin/../lib/gcc/i686-w64-mingw32/4.9.2\libstdc++.a(vmi_class_type_info.o)
                0x0041a090                __cxxabiv1::__vmi_class_type_info::~__vmi_class_type_info()
                0x0041a090                __cxxabiv1::__vmi_class_type_info::~__vmi_class_type_info()
 .text$_ZN10vrtaDevice17GetPersistentDataEv
                0x0041a0a0       0x10 RTAOS.lib(vrtaCore.o)
                0x0041a0a0                vrtaDevice::GetPersistentData()
 .text$_ZN10vrtaDevice17SetPersistentDataEPht
                0x0041a0b0       0x10 RTAOS.lib(vrtaCore.o)
                0x0041a0b0                vrtaDevice::SetPersistentData(unsigned char*, unsigned short)
 .text$_ZN10vrtaDevice21GetPersistentDataSizeEv
                0x0041a0c0       0x10 RTAOS.lib(vrtaCore.o)
                0x0041a0c0                vrtaDevice::GetPersistentDataSize()
 .text$_ZN10vrtaSensor17GetPersistentDataEv
                0x0041a0d0       0x40 RTAOS.lib(vrtaSampleDevices.o)
                0x0041a0d0                vrtaSensor::GetPersistentData()
 .text$_ZN10vrtaSensor21GetPersistentDataSizeEv
                0x0041a110       0x10 RTAOS.lib(vrtaSampleDevices.o)
                0x0041a110                vrtaSensor::GetPersistentDataSize()
 .text$_ZN10vrtaSensor8StartingEv
                0x0041a120       0x10 RTAOS.lib(vrtaSampleDevices.o)
                0x0041a120                vrtaSensor::Starting()
 .text$_ZN10vrtaSensor8StoppingEv
                0x0041a130       0x10 RTAOS.lib(vrtaSampleDevices.o)
                0x0041a130                vrtaSensor::Stopping()
 .text$_ZN11vrtaCompare17GetPersistentDataEv
                0x0041a140       0x10 RTAOS.lib(vrtaSampleDevices.o)
                0x0041a140                vrtaCompare::GetPersistentData()
 .text$_ZN11vrtaCompare21GetPersistentDataSizeEv
                0x0041a150       0x10 RTAOS.lib(vrtaSampleDevices.o)
                0x0041a150                vrtaCompare::GetPersistentDataSize()
 .text$_ZN11vrtaCompare8StartingEv
                0x0041a160       0x10 RTAOS.lib(vrtaSampleDevices.o)
                0x0041a160                vrtaCompare::Starting()
 .text$_ZN11vrtaCompare8StoppingEv
                0x0041a170       0x10 RTAOS.lib(vrtaSampleDevices.o)
                0x0041a170                vrtaCompare::Stopping()
 .text$_ZN11vrtaCounter17GetPersistentDataEv
                0x0041a180       0x40 RTAOS.lib(vrtaSampleDevices.o)
                0x0041a180                vrtaCounter::GetPersistentData()
 .text$_ZN11vrtaCounter21GetPersistentDataSizeEv
                0x0041a1c0       0x10 RTAOS.lib(vrtaSampleDevices.o)
                0x0041a1c0                vrtaCounter::GetPersistentDataSize()
 .text$_ZN12vrtaActuator17GetPersistentDataEv
                0x0041a1d0       0x40 RTAOS.lib(vrtaSampleDevices.o)
                0x0041a1d0                vrtaActuator::GetPersistentData()
 .text$_ZN12vrtaActuator21GetPersistentDataSizeEv
                0x0041a210       0x10 RTAOS.lib(vrtaSampleDevices.o)
                0x0041a210                vrtaActuator::GetPersistentDataSize()
 .text$_ZN12vrtaActuator8StartingEv
                0x0041a220       0x10 RTAOS.lib(vrtaSampleDevices.o)
                0x0041a220                vrtaActuator::Starting()
 .text$_ZN12vrtaActuator8StoppingEv
                0x0041a230       0x10 RTAOS.lib(vrtaSampleDevices.o)
                0x0041a230                vrtaActuator::Stopping()
 .text$_ZN13VirtualDevice10ActionListD0Ev
                0x0041a240       0x30 RTAOS.lib(virtualDevice.o)
                0x0041a240                VirtualDevice::ActionList::~ActionList()
 .text$_ZN13VirtualDevice10ActionListD1Ev
                0x0041a270       0x20 RTAOS.lib(virtualDevice.o)
                0x0041a270                VirtualDevice::ActionList::~ActionList()
 .text$_ZN13VirtualDevice7OptListD0Ev
                0x0041a290       0x30 RTAOS.lib(virtualDevice.o)
                0x0041a290                VirtualDevice::OptList::~OptList()
 .text$_ZN13VirtualDevice7OptListD1Ev
                0x0041a2c0       0x20 RTAOS.lib(virtualDevice.o)
                0x0041a2c0                VirtualDevice::OptList::~OptList()
 .text$_ZN13VirtualDevice8StartingEv
                0x0041a2e0       0x10 RTAOS.lib(vrtaOSMonitorDevice.o)
                0x0041a2e0                VirtualDevice::Starting()
 .text$_ZN13VirtualDevice8StoppingEv
                0x0041a2f0       0x10 RTAOS.lib(vrtaOSMonitorDevice.o)
                0x0041a2f0                VirtualDevice::Stopping()
 .text$_ZN13VirtualDevice9EventListD0Ev
                0x0041a300       0x30 RTAOS.lib(virtualDevice.o)
                0x0041a300                VirtualDevice::EventList::~EventList()
 .text$_ZN13VirtualDevice9EventListD1Ev
                0x0041a330       0x20 RTAOS.lib(virtualDevice.o)
                0x0041a330                VirtualDevice::EventList::~EventList()
 .text$_ZN13vrtaBaseClock17GetPersistentDataEv
                0x0041a350       0x20 RTAOS.lib(vrtaSampleDevices.o)
                0x0041a350                vrtaBaseClock::GetPersistentData()
 .text$_ZN13vrtaBaseClock21GetPersistentDataSizeEv
                0x0041a370       0x10 RTAOS.lib(vrtaSampleDevices.o)
                0x0041a370                vrtaBaseClock::GetPersistentDataSize()
 .text$_ZN13vrtaBaseClock4StopEv
                0x0041a380       0x10 RTAOS.lib(vrtaSampleDevices.o)
                0x0041a380                vrtaBaseClock::Stop()
 .text$_ZN13vrtaBaseClock8StoppingEv
                0x0041a390       0x10 RTAOS.lib(vrtaSampleDevices.o)
                0x0041a390                vrtaBaseClock::Stopping()
 .text$_ZN13vrtaUpCounterC1EPcR13vrtaBaseClock
                0x0041a3a0       0x38 EVE_SystemClock.o
                0x0041a3a0                vrtaUpCounter::vrtaUpCounter(char*, vrtaBaseClock&)
 *fill*         0x0041a3d8        0x8 
 .text$_ZN14vrtaComparable17GetPersistentDataEv
                0x0041a3e0       0x10 RTAOS.lib(vrtaSampleDevices.o)
                0x0041a3e0                vrtaComparable::GetPersistentData()
 .text$_ZN14vrtaComparable21GetPersistentDataSizeEv
                0x0041a3f0       0x10 RTAOS.lib(vrtaSampleDevices.o)
                0x0041a3f0                vrtaComparable::GetPersistentDataSize()
 .text$_ZN14vrtaComparable5ValueEv
                0x0041a400       0x14 EVE_SystemClock.o
                0x0041a400                vrtaComparable::Value()
 *fill*         0x0041a414        0xc 
 .text$_ZN14vrtaComparable6SetValEj
                0x0041a420       0x10 RTAOS.lib(vrtaSampleDevices.o)
                0x0041a420                vrtaComparable::SetVal(unsigned int)
 .text$_ZN14vrtaComparable8SetValueEj
                0x0041a430       0x2c VirtualDevices.o
                0x0041a430                vrtaComparable::SetValue(unsigned int)
 *fill*         0x0041a45c        0x4 
 .text$_ZN17SystemClockDevice10AutoActionERK10vrtaAction
                0x0041a460       0x40 RTAOS.lib(vrtaSystemClockDevice.o)
                0x0041a460                SystemClockDevice::AutoAction(vrtaAction const&)
 .text$_ZN17SystemClockDevice10CSLIFEventER9vrtaEvent
                0x0041a4a0       0x40 RTAOS.lib(vrtaSystemClockDevice.o)
                0x0041a4a0                SystemClockDevice::CSLIFEvent(vrtaEvent&)
 .text$_ZN17SystemClockDevice10ScaleEventER9vrtaEvent
                0x0041a4e0       0x30 RTAOS.lib(vrtaSystemClockDevice.o)
                0x0041a4e0                SystemClockDevice::ScaleEvent(vrtaEvent&)
 .text$_ZN17SystemClockDevice10TicksEventER9vrtaEvent
                0x0041a510       0x20 RTAOS.lib(vrtaSystemClockDevice.o)
                0x0041a510                SystemClockDevice::TicksEvent(vrtaEvent&)
 .text$_ZN17SystemClockDevice11DirectEventER9vrtaEvent
                0x0041a530       0xa0 RTAOS.lib(vrtaSystemClockDevice.o)
                0x0041a530                SystemClockDevice::DirectEvent(vrtaEvent&)
 .text$_ZN17SystemClockDevice11PauseActionERK10vrtaAction
                0x0041a5d0       0x40 RTAOS.lib(vrtaSystemClockDevice.o)
                0x0041a5d0                SystemClockDevice::PauseAction(vrtaAction const&)
 .text$_ZN17SystemClockDevice11ScaleActionERK10vrtaAction
                0x0041a610       0x40 RTAOS.lib(vrtaSystemClockDevice.o)
                0x0041a610                SystemClockDevice::ScaleAction(vrtaAction const&)
 .text$_ZN17SystemClockDevice11TickEndDataER9vrtaEvent
                0x0041a650       0x90 RTAOS.lib(vrtaSystemClockDevice.o)
                0x0041a650                SystemClockDevice::TickEndData(vrtaEvent&)
 .text$_ZN17SystemClockDevice12DirectActionERK10vrtaAction
                0x0041a6e0       0x40 RTAOS.lib(vrtaSystemClockDevice.o)
                0x0041a6e0                SystemClockDevice::DirectAction(vrtaAction const&)
 .text$_ZN17SystemClockDevice12DirectFreezeERK10vrtaAction
                0x0041a720       0x30 RTAOS.lib(vrtaSystemClockDevice.o)
                0x0041a720                SystemClockDevice::DirectFreeze(vrtaAction const&)
 .text$_ZN17SystemClockDevice12ResumeActionERK10vrtaAction
                0x0041a750       0x40 RTAOS.lib(vrtaSystemClockDevice.o)
                0x0041a750                SystemClockDevice::ResumeAction(vrtaAction const&)
 .text$_ZN17SystemClockDevice13GetDeviceInfoERN13VirtualDevice7OptListE
                0x0041a790       0x60 RTAOS.lib(vrtaSystemClockDevice.o)
                0x0041a790                SystemClockDevice::GetDeviceInfo(VirtualDevice::OptList&)
 .text$_ZN17SystemClockDevice13MonitorEventsERK10vrtaAction
                0x0041a7f0       0x90 RTAOS.lib(vrtaSystemClockDevice.o)
                0x0041a7f0                SystemClockDevice::MonitorEvents(vrtaAction const&)
 .text$_ZN17SystemClockDevice13StrategyEventER9vrtaEvent
                0x0041a880       0x40 RTAOS.lib(vrtaSystemClockDevice.o)
                0x0041a880                SystemClockDevice::StrategyEvent(vrtaEvent&)
 .text$_ZN17SystemClockDevice13UpdateAndTickERK10vrtaAction
                0x0041a8c0       0xe0 RTAOS.lib(vrtaSystemClockDevice.o)
                0x0041a8c0                SystemClockDevice::UpdateAndTick(vrtaAction const&)
 .text$_ZN17SystemClockDevice14IdleTickActionERK10vrtaAction
                0x0041a9a0       0x40 RTAOS.lib(vrtaSystemClockDevice.o)
                0x0041a9a0                SystemClockDevice::IdleTickAction(vrtaAction const&)
 .text$_ZN17SystemClockDevice14StrategyActionERK10vrtaAction
                0x0041a9e0       0x50 RTAOS.lib(vrtaSystemClockDevice.o)
                0x0041a9e0                SystemClockDevice::StrategyAction(vrtaAction const&)
 .text$_ZN17SystemClockDevice15DirectTickYieldERK10vrtaAction
                0x0041aa30       0x30 RTAOS.lib(vrtaSystemClockDevice.o)
                0x0041aa30                SystemClockDevice::DirectTickYield(vrtaAction const&)
 .text$_ZN17SystemClockDevice15GetDeviceEventsERN13VirtualDevice9EventListE
                0x0041aa60      0x3c0 RTAOS.lib(vrtaSystemClockDevice.o)
                0x0041aa60                SystemClockDevice::GetDeviceEvents(VirtualDevice::EventList&)
 .text$_ZN17SystemClockDevice16GetDeviceActionsERN13VirtualDevice10ActionListE
                0x0041ae20      0x3e0 RTAOS.lib(vrtaSystemClockDevice.o)
                0x0041ae20                SystemClockDevice::GetDeviceActions(VirtualDevice::ActionList&)
 .text$_ZN17SystemClockDevice19TicksRemainingEventER9vrtaEvent
                0x0041b200       0x30 RTAOS.lib(vrtaSystemClockDevice.o)
                0x0041b200                SystemClockDevice::TicksRemainingEvent(vrtaEvent&)
 .text$_ZN17SystemClockDevice20DirectTickYieldEventER9vrtaEvent
                0x0041b230       0x40 RTAOS.lib(vrtaSystemClockDevice.o)
                0x0041b230                SystemClockDevice::DirectTickYieldEvent(vrtaEvent&)
 .text$_ZN17SystemClockDevice5CSLIFERK10vrtaAction
                0x0041b270      0x1e0 RTAOS.lib(vrtaSystemClockDevice.o)
                0x0041b270                SystemClockDevice::CSLIF(vrtaAction const&)
 .text$_ZN17SystemClockDevice7MSEventER9vrtaEvent
                0x0041b450       0x30 RTAOS.lib(vrtaSystemClockDevice.o)
                0x0041b450                SystemClockDevice::MSEvent(vrtaEvent&)
 .text$_ZN17SystemClockDevice9ModeEventER9vrtaEvent
                0x0041b480       0x60 RTAOS.lib(vrtaSystemClockDevice.o)
                0x0041b480                SystemClockDevice::ModeEvent(vrtaEvent&)
 .text$_ZN17SystemClockDeviceD0Ev
                0x0041b4e0       0x20 RTAOS.lib(vrtaSystemClockDevice.o)
                0x0041b4e0                SystemClockDevice::~SystemClockDevice()
 .text$_ZN17SystemClockDeviceD1Ev
                0x0041b500       0x10 RTAOS.lib(vrtaSystemClockDevice.o)
                0x0041b500                SystemClockDevice::~SystemClockDevice()
 .text$_ZN17vrtaAdaptiveClockD0Ev
                0x0041b510       0x30 RTAOS.lib(vrtaSampleDevices.o)
                0x0041b510                vrtaAdaptiveClock::~vrtaAdaptiveClock()
 .text$_ZN17vrtaAdaptiveClockD1Ev
                0x0041b540       0x20 RTAOS.lib(vrtaSampleDevices.o)
                0x0041b540                vrtaAdaptiveClock::~vrtaAdaptiveClock()
 .text$_ZN26vrtaSystemClockIdleHandler4IdleEj
                0x0041b560      0x100 RTAOS.lib(vrtaSystemClock.o)
                0x0041b560                vrtaSystemClockIdleHandler::Idle(unsigned int)
 .text$_ZN34vrtaCustomTickSourceImplementation4TickEv
                0x0041b660       0x30 RTAOS.lib(vrtaSystemClock.o)
                0x0041b660                vrtaCustomTickSourceImplementation::Tick()
 .text$_ZN34vrtaCustomTickSourceImplementationD0Ev
                0x0041b690       0x30 RTAOS.lib(vrtaSystemClock.o)
                0x0041b690                vrtaCustomTickSourceImplementation::~vrtaCustomTickSourceImplementation()
 .text$_ZN34vrtaCustomTickSourceImplementationD1Ev
                0x0041b6c0       0x30 RTAOS.lib(vrtaSystemClock.o)
                0x0041b6c0                vrtaCustomTickSourceImplementation::~vrtaCustomTickSourceImplementation()
 .text$_ZN6OsCore10RunningISRER9vrtaEvent
                0x0041b6f0       0x30 RTAOS.lib(vrtaOSMonitorDevice.o)
                0x0041b6f0                OsCore::RunningISR(vrtaEvent&)
 .text$_ZN6OsCore11RunningTaskER9vrtaEvent
                0x0041b720       0x80 RTAOS.lib(vrtaOSMonitorDevice.o)
                0x0041b720                OsCore::RunningTask(vrtaEvent&)
 .text$_ZN6OsCore13GetDeviceInfoERN13VirtualDevice7OptListE
                0x0041b7a0       0x80 RTAOS.lib(vrtaOSMonitorDevice.o)
                0x0041b7a0                OsCore::GetDeviceInfo(VirtualDevice::OptList&)
 .text$_ZN6OsCore15GetDeviceEventsERN13VirtualDevice9EventListE
                0x0041b820      0x240 RTAOS.lib(vrtaOSMonitorDevice.o)
                0x0041b820                OsCore::GetDeviceEvents(VirtualDevice::EventList&)
 .text$_ZN6OsCore16GetDeviceActionsERN13VirtualDevice10ActionListE
                0x0041ba60       0x70 RTAOS.lib(vrtaOSMonitorDevice.o)
                0x0041ba60                OsCore::GetDeviceActions(VirtualDevice::ActionList&)
 .text$_ZN6OsCore5AppIDER9vrtaEvent
                0x0041bad0       0x20 RTAOS.lib(vrtaOSMonitorDevice.o)
                0x0041bad0                OsCore::AppID(vrtaEvent&)
 .text$_ZN6OsCore5IdlesER9vrtaEvent
                0x0041baf0       0x20 RTAOS.lib(vrtaOSMonitorDevice.o)
                0x0041baf0                OsCore::Idles(vrtaEvent&)
 .text$_ZN6OsCore6ParentER9vrtaEvent
                0x0041bb10       0x30 RTAOS.lib(vrtaOSMonitorDevice.o)
                0x0041bb10                OsCore::Parent(vrtaEvent&)
 .text$_ZN6OsCore7IdleSetERK10vrtaAction
                0x0041bb40       0x10 RTAOS.lib(vrtaOSMonitorDevice.o)
                0x0041bb40                OsCore::IdleSet(vrtaAction const&)
 .text$_ZN6OsCore9LastErrorER9vrtaEvent
                0x0041bb50       0x30 RTAOS.lib(vrtaOSMonitorDevice.o)
                0x0041bb50                OsCore::LastError(vrtaEvent&)
 .text$_ZN6OsCoreD0Ev
                0x0041bb80       0x20 RTAOS.lib(vrtaOSMonitorDevice.o)
                0x0041bb80                OsCore::~OsCore()
 .text$_ZN6OsCoreD1Ev
                0x0041bba0       0x10 RTAOS.lib(vrtaOSMonitorDevice.o)
                0x0041bba0                OsCore::~OsCore()
 .text$_ZN9OsMonitor12AppModeEventER9vrtaEvent
                0x0041bbb0       0x30 RTAOS.lib(vrtaOSMonitorDevice.o)
                0x0041bbb0                OsMonitor::AppModeEvent(vrtaEvent&)
 .text$_ZN9OsMonitor12TASKOsTask_0ER9vrtaEvent
                0x0041bbe0       0x50 RTAOS.lib(vrtaOSMonitorDevice.o)
                0x0041bbe0                OsMonitor::TASKOsTask_0(vrtaEvent&)
 .text$_ZN9OsMonitor12TASKOsTask_1ER9vrtaEvent
                0x0041bc30       0x50 RTAOS.lib(vrtaOSMonitorDevice.o)